declared_license:
  - BSD-3-clause and GPL-2
  - zlib
  - zlib
  - zlib
  - Expat
  - BSD-3-clause and GPL-2
  - Expat
  - Expat
  - GPL-2
  - BSD-3-clause
declared_license_expression: bsd-new AND gpl-2.0
declared_license_expression_spdx: BSD-3-Clause AND GPL-2.0-only
other_license_expression: (bsd-new AND (gpl-2.0 AND gpl-2.0)) AND zlib AND zlib AND mit AND
  (bsd-new AND (gpl-2.0 AND gpl-2.0)) AND mit
other_license_expression_spdx: (BSD-3-Clause AND (GPL-2.0-only AND GPL-2.0-only)) AND Zlib AND
  Zlib AND MIT AND (BSD-3-Clause AND (GPL-2.0-only AND GPL-2.0-only)) AND MIT
license_detections: []
other_license_detections:
  - license_expression: zlib
    license_expression_spdx: Zlib
    matches:
      - license_expression: zlib
        license_expression_spdx: Zlib
        from_file:
        start_line: 30
        end_line: 44
        matcher: 1-hash
        score: '100.0'
        matched_length: 132
        match_coverage: '100.0'
        rule_relevance: 100
        rule_identifier: zlib_81.RULE
        rule_url: https://github.com/nexB/scancode-toolkit/tree/develop/src/licensedcode/data/rules/zlib_81.RULE
        matched_text: |
          This software is provided 'as-is', without any express or implied
          warranty. In no event will the authors be held liable for any damages
          arising from the use of this software.

          Permission is granted to anyone to use this software for any purpose,
          including commercial applications, and to alter it and redistribute it
          freely, subject to the following restrictions:

          1. The origin of this software must not be misrepresented; you must not
             claim that you wrote the original software. If you use this software
             in a product, an acknowledgement in the product documentation would be
             appreciated but is not required.
          2. Altered source versions must be plainly marked as such, and must not be
             misrepresented as being the original software.
          3. This notice may not be removed or altered from any source distribution.
    identifier: zlib-9a572338-50f0-922a-4ff5-942f61bbd11b
  - license_expression: mit
    license_expression_spdx: MIT
    matches:
      - license_expression: mit
        license_expression_spdx: MIT
        from_file:
        start_line: 59
        end_line: 77
        matcher: 1-hash
        score: '100.0'
        matched_length: 161
        match_coverage: '100.0'
        rule_relevance: 100
        rule_identifier: mit.LICENSE
        rule_url: https://github.com/nexB/scancode-toolkit/tree/develop/src/licensedcode/data/licenses/mit.LICENSE
        matched_text: |
          Permission is hereby granted, free of charge, to any person obtaining
          a copy of this software and associated documentation files (the
          "Software"), to deal in the Software without restriction, including
          without limitation the rights to use, copy, modify, merge, publish,
          distribute, sublicense, and/or sell copies of the Software, and to
          permit persons to whom the Software is furnished to do so, subject to
          the following conditions:

          The above copyright notice and this permission notice shall be
          included in all copies or substantial portions of the Software.

          THE SOFTWARE IS PROVIDED "AS IS", WITHOUT WARRANTY OF ANY KIND,
          EXPRESS OR IMPLIED, INCLUDING BUT NOT LIMITED TO THE WARRANTIES OF
          MERCHANTABILITY, FITNESS FOR A PARTICULAR PURPOSE AND
          NONINFRINGEMENT. IN NO EVENT SHALL THE AUTHORS OR COPYRIGHT HOLDERS
          BE LIABLE FOR ANY CLAIM, DAMAGES OR OTHER LIABILITY, WHETHER IN AN
          ACTION OF CONTRACT, TORT OR OTHERWISE, ARISING FROM, OUT OF OR IN
          CONNECTION WITH THE SOFTWARE OR THE USE OR OTHER DEALINGS IN THE
          SOFTWARE.
    identifier: mit-cacd5c0c-204a-85c2-affc-e4c125b2492a
  - license_expression: gpl-2.0
    license_expression_spdx: GPL-2.0-only
    matches:
      - license_expression: gpl-2.0
        license_expression_spdx: GPL-2.0-only
        from_file:
        start_line: 79
        end_line: 79
        matcher: 1-hash
        score: '100.0'
        matched_length: 3
        match_coverage: '100.0'
        rule_relevance: 100
        rule_identifier: gpl-2.0_561.RULE
        rule_url: https://github.com/nexB/scancode-toolkit/tree/develop/src/licensedcode/data/rules/gpl-2.0_561.RULE
        matched_text: 'License: gpl-2'
      - license_expression: gpl-2.0
        license_expression_spdx: GPL-2.0-only
        from_file:
        start_line: 80
        end_line: 94
        matcher: 1-hash
        score: '100.0'
        matched_length: 125
        match_coverage: '100.0'
        rule_relevance: 100
        rule_identifier: gpl-2.0_1189.RULE
        rule_url: https://github.com/nexB/scancode-toolkit/tree/develop/src/licensedcode/data/rules/gpl-2.0_1189.RULE
        matched_text: |
          This program is free software; you can redistribute it and/or modify
          it under the terms of the GNU General Public License, v2, as
          published by the Free Software Foundation

          This program is distributed in the hope that it will be useful,
          but WITHOUT ANY WARRANTY; without even the implied warranty of
          MERCHANTABILITY or FITNESS FOR A PARTICULAR PURPOSE.  See the
          GNU General Public License for more details.

          You should have received a copy of the GNU General Public License along
          with this program; if not, write to the Free Software Foundation, Inc.,
          51 Franklin Street, Fifth Floor, Boston, MA 02110-1301 USA.

          On Debian systems, the complete text of the GNU General Public
          License version 2 can be found in `/usr/share/common-licenses/GPL-2'.
    identifier: gpl_2_0-f0da9233-5233-7bfb-cd4d-15c9cbd6a410
  - license_expression: bsd-new
    license_expression_spdx: BSD-3-Clause
    matches:
      - license_expression: bsd-new
        license_expression_spdx: BSD-3-Clause
        from_file:
        start_line: 97
        end_line: 117
        matcher: 1-hash
        score: '100.0'
        matched_length: 211
        match_coverage: '100.0'
        rule_relevance: 100
        rule_identifier: bsd-new_1273.RULE
        rule_url: https://github.com/nexB/scancode-toolkit/tree/develop/src/licensedcode/data/rules/bsd-new_1273.RULE
        matched_text: |
          Redistribution and use in source and binary forms, with or without
          modification, are permitted provided that the following conditions are met:
              * Redistributions of source code must retain the above copyright
                notice, this list of conditions and the following disclaimer.
              * Redistributions in binary form must reproduce the above copyright
                notice, this list of conditions and the following disclaimer in the
                documentation and/or other materials provided with the distribution.
              * Neither the name of cereal nor the
                names of its contributors may be used to endorse or promote products
                derived from this software without specific prior written permission.

          THIS SOFTWARE IS PROVIDED BY THE COPYRIGHT HOLDERS AND CONTRIBUTORS "AS IS" AND
          ANY EXPRESS OR IMPLIED WARRANTIES, INCLUDING, BUT NOT LIMITED TO, THE IMPLIED
          WARRANTIES OF MERCHANTABILITY AND FITNESS FOR A PARTICULAR PURPOSE ARE
          DISCLAIMED. IN NO EVENT SHALL RANDOLPH VOORHIES OR SHANE GRANT BE LIABLE FOR ANY
          DIRECT, INDIRECT, INCIDENTAL, SPECIAL, EXEMPLARY, OR CONSEQUENTIAL DAMAGES
          (INCLUDING, BUT NOT LIMITED TO, PROCUREMENT OF SUBSTITUTE GOODS OR SERVICES;
          LOSS OF USE, DATA, OR PROFITS; OR BUSINESS INTERRUPTION) HOWEVER CAUSED AND
          ON ANY THEORY OF LIABILITY, WHETHER IN CONTRACT, STRICT LIABILITY, OR TORT
          (INCLUDING NEGLIGENCE OR OTHERWISE) ARISING IN ANY WAY OUT OF THE USE OF THIS
          SOFTWARE, EVEN IF ADVISED OF THE POSSIBILITY OF SUCH DAMAGE.
    identifier: bsd_new-110ee496-752d-98ce-8c3f-6a68f0deedcc
copyright: |
  2013-2018, Yann Collet
  2016, Przemyslaw Skibinski
  2016-2018, Facebook, Inc.
  1995-2006, 2011 Jean-loup Gailly
  (C) 2004, 2005, 2010, 2011, 2012, 2013 Mark Adler
  2003-2008, Yuta Mori
  2016-present, Yann Collet, Facebook, Inc.
  2015-2016 Kevin Murray <spam@kdmurray.id.au>
