{
  "packages": [],
  "dependencies": [],
  "license_detections": [
    {
      "identifier": "gpl_2_0_plus-9b44ef18-69db-1b2d-f6ce-dd439fc51603",
      "license_expression": "gpl-2.0-plus",
      "license_expression_spdx": "GPL-2.0-or-later",
      "detection_count": 1,
      "reference_matches": [
        {
          "license_expression": "gpl-2.0-plus",
          "license_expression_spdx": "GPL-2.0-or-later",
          "from_file": "bug-1141.tar.gz/bug/sub/sub2/src/benchmark.c",
          "start_line": 8,
          "end_line": 19,
          "matcher": "2-aho",
          "score": 100.0,
          "matched_length": 102,
          "match_coverage": 100.0,
          "rule_relevance": 100,
          "rule_identifier": "gpl-2.0-plus_119.RULE",
          "rule_url": "https://github.com/nexB/scancode-toolkit/tree/develop/src/licensedcode/data/rules/gpl-2.0-plus_119.RULE"
        }
      ]
    },
    {
      "identifier": "gpl_3_0_plus-494d0068-7138-a14f-4cbb-fd2137263a4f",
      "license_expression": "gpl-3.0-plus",
      "license_expression_spdx": "GPL-3.0-or-later",
      "detection_count": 1,
      "reference_matches": [
        {
          "license_expression": "gpl-3.0-plus",
          "license_expression_spdx": "GPL-3.0-or-later",
          "from_file": "bug-1141.tar.gz/bug/sub/sub2/COPYING",
          "start_line": 1,
          "end_line": 12,
          "matcher": "1-hash",
          "score": 100.0,
          "matched_length": 102,
          "match_coverage": 100.0,
          "rule_relevance": 100,
          "rule_identifier": "gpl-3.0-plus_290.RULE",
          "rule_url": "https://github.com/nexB/scancode-toolkit/tree/develop/src/licensedcode/data/rules/gpl-3.0-plus_290.RULE"
        }
      ]
    }
  ],
  "tallies": {
    "detected_license_expression": [
      {
        "value": null,
        "count": 2
      },
      {
        "value": "gpl-2.0-plus",
        "count": 1
      },
      {
        "value": "gpl-3.0-plus",
        "count": 1
      }
    ],
    "copyrights": [
      {
        "value": null,
        "count": 2
      },
      {
        "value": "Copyright (c) Members of the Gmerlin project",
        "count": 1
      },
      {
        "value": "Copyright (c) Members of the Gmerlin project gmerlin-general@lists.sourceforge.net http://gmerlin.sourceforge.net",
        "count": 1
      }
    ],
    "holders": [
      {
        "value": null,
        "count": 2
      },
      {
        "value": "Members of the Gmerlin project",
        "count": 2
      }
    ],
    "authors": [
      {
        "value": null,
        "count": 4
      }
    ],
    "programming_language": [
      {
        "value": "C",
        "count": 2
      }
    ]
  },
  "tallies_of_key_files": {
    "detected_license_expression": [
      {
        "value": "gpl-3.0-plus",
        "count": 1
      }
    ],
    "copyrights": [],
    "holders": [],
    "authors": [],
    "programming_language": []
  },
  "files": [
    {
      "path": "bug-1141.tar.gz",
      "type": "directory",
      "name": "bug-1141.tar.gz",
      "base_name": "bug-1141.tar.gz",
      "extension": "",
      "size": 0,
      "sha1": null,
      "md5": null,
      "sha256": null,
      "mime_type": null,
      "file_type": null,
      "programming_language": null,
      "is_binary": false,
      "is_text": false,
      "is_archive": false,
      "is_media": false,
      "is_source": false,
      "is_script": false,
      "package_data": [],
      "for_packages": [],
      "is_legal": false,
      "is_manifest": false,
      "is_readme": false,
      "is_top_level": true,
      "is_key_file": false,
      "detected_license_expression": null,
      "detected_license_expression_spdx": null,
      "license_detections": [],
      "license_clues": [],
      "percentage_of_license_text": 0,
      "copyrights": [],
      "holders": [],
      "authors": [],
      "facets": [],
      "files_count": 4,
      "dirs_count": 6,
      "size_count": 2017,
      "scan_errors": []
    },
    {
      "path": "bug-1141.tar.gz/bug",
      "type": "directory",
      "name": "bug",
      "base_name": "bug",
      "extension": "",
      "size": 0,
      "sha1": null,
      "md5": null,
      "sha256": null,
      "mime_type": null,
      "file_type": null,
      "programming_language": null,
      "is_binary": false,
      "is_text": false,
      "is_archive": false,
      "is_media": false,
      "is_source": false,
      "is_script": false,
      "package_data": [],
      "for_packages": [],
      "is_legal": false,
      "is_manifest": false,
      "is_readme": false,
      "is_top_level": true,
      "is_key_file": false,
      "detected_license_expression": null,
      "detected_license_expression_spdx": null,
      "license_detections": [],
      "license_clues": [],
      "percentage_of_license_text": 0,
      "copyrights": [],
      "holders": [],
      "authors": [],
      "facets": [],
      "files_count": 4,
      "dirs_count": 5,
      "size_count": 2017,
      "scan_errors": []
    },
    {
      "path": "bug-1141.tar.gz/bug/sub",
      "type": "directory",
      "name": "sub",
      "base_name": "sub",
      "extension": "",
      "size": 0,
      "sha1": null,
      "md5": null,
      "sha256": null,
      "mime_type": null,
      "file_type": null,
      "programming_language": null,
      "is_binary": false,
      "is_text": false,
      "is_archive": false,
      "is_media": false,
      "is_source": false,
      "is_script": false,
      "package_data": [],
      "for_packages": [],
      "is_legal": false,
      "is_manifest": false,
      "is_readme": false,
      "is_top_level": true,
      "is_key_file": false,
      "detected_license_expression": null,
      "detected_license_expression_spdx": null,
      "license_detections": [],
      "license_clues": [],
      "percentage_of_license_text": 0,
      "copyrights": [],
      "holders": [],
      "authors": [],
      "facets": [],
      "files_count": 4,
      "dirs_count": 4,
      "size_count": 2017,
      "scan_errors": []
    },
    {
      "path": "bug-1141.tar.gz/bug/sub/sub2",
      "type": "directory",
      "name": "sub2",
      "base_name": "sub2",
      "extension": "",
      "size": 0,
      "sha1": null,
      "md5": null,
      "sha256": null,
      "mime_type": null,
      "file_type": null,
      "programming_language": null,
      "is_binary": false,
      "is_text": false,
      "is_archive": false,
      "is_media": false,
      "is_source": false,
      "is_script": false,
      "package_data": [],
      "for_packages": [],
      "is_legal": false,
      "is_manifest": false,
      "is_readme": false,
      "is_top_level": true,
      "is_key_file": false,
      "detected_license_expression": null,
      "detected_license_expression_spdx": null,
      "license_detections": [],
      "license_clues": [],
      "percentage_of_license_text": 0,
      "copyrights": [],
      "holders": [],
      "authors": [],
      "facets": [],
      "files_count": 4,
      "dirs_count": 3,
      "size_count": 2017,
      "scan_errors": []
    },
    {
      "path": "bug-1141.tar.gz/bug/sub/sub2/COPYING",
      "type": "file",
      "name": "COPYING",
      "base_name": "COPYING",
      "extension": "",
      "size": 652,
      "sha1": "e1883818566861d6e98a560127797065af1a3037",
      "md5": "b5a59150a33658cc1ffc31b1a4ffb9f2",
      "sha256": "204de5253787827cd13c9282efff5c0e5c734ca9e6d4b07346a2ab33f23f808a",
      "mime_type": "text/plain",
      "file_type": "ASCII text",
      "programming_language": null,
      "is_binary": false,
      "is_text": true,
      "is_archive": false,
      "is_media": false,
      "is_source": false,
      "is_script": false,
      "package_data": [],
      "for_packages": [],
      "is_legal": true,
      "is_manifest": false,
      "is_readme": false,
      "is_top_level": true,
      "is_key_file": true,
      "detected_license_expression": "gpl-3.0-plus",
      "detected_license_expression_spdx": "GPL-3.0-or-later",
      "license_detections": [
        {
          "license_expression": "gpl-3.0-plus",
          "license_expression_spdx": "GPL-3.0-or-later",
          "matches": [
            {
              "license_expression": "gpl-3.0-plus",
              "spdx_license_expression": "GPL-3.0-or-later",
              "from_file": "bug-1141.tar.gz/bug/sub/sub2/COPYING",
              "start_line": 1,
              "end_line": 12,
              "matcher": "1-hash",
              "score": 100.0,
              "matched_length": 102,
              "match_coverage": 100.0,
              "rule_relevance": 100,
              "rule_identifier": "gpl-3.0-plus_290.RULE",
              "rule_url": "https://github.com/nexB/scancode-toolkit/tree/develop/src/licensedcode/data/rules/gpl-3.0-plus_290.RULE"
            }
          ],
          "identifier": "gpl_3_0_plus-494d0068-7138-a14f-4cbb-fd2137263a4f"
        }
      ],
      "license_clues": [],
      "percentage_of_license_text": 100.0,
      "copyrights": [],
      "holders": [],
      "authors": [],
      "facets": [
        "core"
      ],
      "files_count": 0,
      "dirs_count": 0,
      "size_count": 0,
      "scan_errors": []
    },
    {
      "path": "bug-1141.tar.gz/bug/sub/sub2/README",
      "type": "file",
      "name": "README",
      "base_name": "README",
      "extension": "",
      "size": 193,
      "sha1": "e331d6529c7b3dc6f9ed78863f8d93d098a2c486",
      "md5": "1befbd0fd8f764d410403b551077e14a",
      "sha256": "7d860dbb9e30d8a964e95f0f02616d1e86bbab06eed5c99cf1912310ce08ced1",
      "mime_type": "text/plain",
      "file_type": "ASCII text",
      "programming_language": null,
      "is_binary": false,
      "is_text": true,
      "is_archive": false,
      "is_media": false,
      "is_source": false,
      "is_script": false,
      "package_data": [],
      "for_packages": [],
      "is_legal": false,
      "is_manifest": false,
      "is_readme": true,
      "is_top_level": true,
      "is_key_file": true,
      "detected_license_expression": null,
      "detected_license_expression_spdx": null,
      "license_detections": [],
      "license_clues": [],
      "percentage_of_license_text": 0,
      "copyrights": [],
      "holders": [],
      "authors": [],
      "facets": [
        "core"
      ],
      "files_count": 0,
      "dirs_count": 0,
      "size_count": 0,
      "scan_errors": []
    },
    {
      "path": "bug-1141.tar.gz/bug/sub/sub2/cpuinfo.sh-extract",
      "type": "directory",
      "name": "cpuinfo.sh-extract",
      "base_name": "cpuinfo.sh-extract",
      "extension": "",
      "size": 0,
      "sha1": null,
      "md5": null,
      "sha256": null,
      "mime_type": null,
      "file_type": null,
      "programming_language": null,
      "is_binary": false,
      "is_text": false,
      "is_archive": false,
      "is_media": false,
      "is_source": false,
      "is_script": false,
      "package_data": [],
      "for_packages": [],
      "is_legal": false,
      "is_manifest": false,
      "is_readme": false,
      "is_top_level": true,
      "is_key_file": false,
      "detected_license_expression": null,
      "detected_license_expression_spdx": null,
      "license_detections": [],
      "license_clues": [],
      "percentage_of_license_text": 0,
      "copyrights": [],
      "holders": [],
      "authors": [],
      "facets": [],
      "files_count": 0,
      "dirs_count": 0,
      "size_count": 0,
      "scan_errors": []
    },
    {
      "path": "bug-1141.tar.gz/bug/sub/sub2/cvs_clean.sh-extract",
      "type": "directory",
      "name": "cvs_clean.sh-extract",
      "base_name": "cvs_clean.sh-extract",
      "extension": "",
      "size": 0,
      "sha1": null,
      "md5": null,
      "sha256": null,
      "mime_type": null,
      "file_type": null,
      "programming_language": null,
      "is_binary": false,
      "is_text": false,
      "is_archive": false,
      "is_media": false,
      "is_source": false,
      "is_script": false,
      "package_data": [],
      "for_packages": [],
      "is_legal": false,
      "is_manifest": false,
      "is_readme": false,
      "is_top_level": true,
      "is_key_file": false,
      "detected_license_expression": null,
      "detected_license_expression_spdx": null,
      "license_detections": [],
      "license_clues": [],
      "percentage_of_license_text": 0,
      "copyrights": [],
      "holders": [],
      "authors": [],
      "facets": [],
      "files_count": 0,
      "dirs_count": 0,
      "size_count": 0,
      "scan_errors": []
    },
    {
      "path": "bug-1141.tar.gz/bug/sub/sub2/src",
      "type": "directory",
      "name": "src",
      "base_name": "src",
      "extension": "",
      "size": 0,
      "sha1": null,
      "md5": null,
      "sha256": null,
      "mime_type": null,
      "file_type": null,
      "programming_language": null,
      "is_binary": false,
      "is_text": false,
      "is_archive": false,
      "is_media": false,
      "is_source": false,
      "is_script": false,
      "package_data": [],
      "for_packages": [],
      "is_legal": false,
      "is_manifest": false,
      "is_readme": false,
      "is_top_level": true,
      "is_key_file": false,
      "detected_license_expression": null,
      "detected_license_expression_spdx": null,
      "license_detections": [],
      "license_clues": [],
      "percentage_of_license_text": 0,
      "copyrights": [],
      "holders": [],
      "authors": [],
      "facets": [],
      "files_count": 2,
      "dirs_count": 0,
      "size_count": 1172,
      "scan_errors": []
    },
    {
      "path": "bug-1141.tar.gz/bug/sub/sub2/src/benchmark.c",
      "type": "file",
      "name": "benchmark.c",
      "base_name": "benchmark",
      "extension": ".c",
      "size": 983,
      "sha1": "f3cf6c32ff3ab8526a473c39e3bc2c9356ca2c2b",
      "md5": "a4028ec638973696ece447f4790b3436",
      "sha256": "dd5c7ade638e676737c03204630222d4cd603f589a2084166da8cf653df4b582",
      "mime_type": "text/plain",
      "file_type": "ASCII text",
      "programming_language": "C",
      "is_binary": false,
      "is_text": true,
      "is_archive": false,
      "is_media": false,
      "is_source": true,
      "is_script": false,
      "package_data": [],
      "for_packages": [],
      "is_legal": false,
      "is_manifest": false,
      "is_readme": false,
      "is_top_level": false,
      "is_key_file": false,
      "detected_license_expression": "gpl-2.0-plus",
      "detected_license_expression_spdx": "GPL-2.0-or-later",
      "license_detections": [
        {
          "license_expression": "gpl-2.0-plus",
          "license_expression_spdx": "GPL-2.0-or-later",
          "matches": [
            {
              "license_expression": "gpl-2.0-plus",
              "spdx_license_expression": "GPL-2.0-or-later",
              "from_file": "bug-1141.tar.gz/bug/sub/sub2/src/benchmark.c",
              "start_line": 8,
              "end_line": 19,
              "matcher": "2-aho",
              "score": 100.0,
              "matched_length": 102,
              "match_coverage": 100.0,
              "rule_relevance": 100,
              "rule_identifier": "gpl-2.0-plus_119.RULE",
              "rule_url": "https://github.com/nexB/scancode-toolkit/tree/develop/src/licensedcode/data/rules/gpl-2.0-plus_119.RULE"
            }
          ],
          "identifier": "gpl_2_0_plus-9b44ef18-69db-1b2d-f6ce-dd439fc51603"
        }
      ],
      "license_clues": [],
      "percentage_of_license_text": 80.95,
      "copyrights": [
        {
          "copyright": "Copyright (c) 2001 - 2011 Members of the Gmerlin project gmerlin-general@lists.sourceforge.net http://gmerlin.sourceforge.net",
          "start_line": 4,
          "end_line": 6
        }
      ],
      "holders": [
        {
          "holder": "Members of the Gmerlin project",
          "start_line": 4,
          "end_line": 4
        }
      ],
      "authors": [],
      "facets": [
        "core"
      ],
      "files_count": 0,
      "dirs_count": 0,
      "size_count": 0,
      "scan_errors": []
    },
    {
      "path": "bug-1141.tar.gz/bug/sub/sub2/src/blend_test.c",
      "type": "file",
      "name": "blend_test.c",
      "base_name": "blend_test",
      "extension": ".c",
      "size": 189,
      "sha1": "8bf810dfcae325e0b40e2b0ad4e3302a2c55e2e4",
      "md5": "6cc4c13ec154a8f58b09b6566345f0b0",
      "sha256": "d7a63d5354ed605aa61b9ffd25454b65c0930cf87ccc7efcdbb10673e79ce08f",
      "mime_type": "text/plain",
      "file_type": "ASCII text",
      "programming_language": "C",
      "is_binary": false,
      "is_text": true,
      "is_archive": false,
      "is_media": false,
      "is_source": true,
      "is_script": false,
      "package_data": [],
      "for_packages": [],
      "is_legal": false,
      "is_manifest": false,
      "is_readme": false,
      "is_top_level": false,
      "is_key_file": false,
      "detected_license_expression": null,
      "detected_license_expression_spdx": null,
      "license_detections": [],
      "license_clues": [],
      "percentage_of_license_text": 0,
      "copyrights": [
        {
          "copyright": "Copyright (c) 2001 - 2011 Members of the Gmerlin project",
          "start_line": 4,
          "end_line": 4
        }
      ],
      "holders": [
        {
          "holder": "Members of the Gmerlin project",
          "start_line": 4,
          "end_line": 4
        }
      ],
      "authors": [],
      "facets": [
        "core"
      ],
      "files_count": 0,
      "dirs_count": 0,
      "size_count": 0,
      "scan_errors": []
    }
  ]
}