declared_license:
  - BSD-3-Clause
  - FSFULLR
  - FSFULLR
  - FSFUL
  - BSD-3-clause
  - BSD-3-clause
  - BSD-3-clause
  - BSD-3-clause
  - BSD-3-clause
  - BSD-3-clause
  - BSD-3-clause
  - BSD-3-clause
  - BSD-3-clause
  - BSD-3-clause
  - BSD-3-clause
  - BSD-3-clause
  - BSD-3-clause
  - BSD-3-clause
  - BSD-3-clause
  - BSD-3-clause
  - Expat
  - GPL-2+ or BSD-3-clause
  - public-domain
  - BSD-3-clause
  - FSFULLR
  - GPL-2+
  - BSD-3-clause
  - FSFUL
  - FSFULLR
  - Expat
  - GPL-2+
declared_license_expression: bsd-new
declared_license_expression_spdx: BSD-3-Clause
other_license_expression: bsd-new AND fsf-unlimited-no-warranty AND fsf-unlimited-no-warranty
  AND fsf-free AND bsd-new AND bsd-new AND bsd-new AND bsd-new AND bsd-new AND bsd-new AND bsd-new
  AND bsd-new AND bsd-new AND bsd-new AND bsd-new AND bsd-new AND bsd-new AND bsd-new AND bsd-new
  AND bsd-new AND (x11-xconsortium AND public-domain) AND ((gpl-2.0-plus AND gpl-2.0-plus) OR
  bsd-new) AND public-domain AND bsd-new AND fsf-unlimited-no-warranty AND (gpl-2.0-plus AND
  gpl-2.0-plus)
other_license_expression_spdx: BSD-3-Clause AND FSFULLRWD AND FSFULLRWD AND FSFUL AND BSD-3-Clause
  AND BSD-3-Clause AND BSD-3-Clause AND BSD-3-Clause AND BSD-3-Clause AND BSD-3-Clause AND BSD-3-Clause
  AND BSD-3-Clause AND BSD-3-Clause AND BSD-3-Clause AND BSD-3-Clause AND BSD-3-Clause AND BSD-3-Clause
  AND BSD-3-Clause AND BSD-3-Clause AND BSD-3-Clause AND (X11 AND LicenseRef-scancode-public-domain)
  AND ((GPL-2.0-or-later AND GPL-2.0-or-later) OR BSD-3-Clause) AND LicenseRef-scancode-public-domain
  AND BSD-3-Clause AND FSFULLRWD AND (GPL-2.0-or-later AND GPL-2.0-or-later)
license_detections: []
other_license_detections:
  - license_expression: bsd-new
    license_expression_spdx: BSD-3-Clause
    matches:
      - license_expression: bsd-new
        license_expression_spdx: BSD-3-Clause
        from_file:
        start_line: 155
        end_line: 177
        matcher: 1-hash
        score: '100.0'
        matched_length: 213
        match_coverage: '100.0'
        rule_relevance: 100
        rule_identifier: bsd-new_19.RULE
        rule_url: https://github.com/nexB/scancode-toolkit/tree/develop/src/licensedcode/data/rules/bsd-new_19.RULE
        matched_text: |
          Redistribution and use in source and binary forms, with or without
          modification, are permitted provided that the following conditions
          are met:
          1. Redistributions of source code must retain the above copyright
             notice, this list of conditions and the following disclaimer.
          2. Redistributions in binary form must reproduce the above copyright
             notice, this list of conditions and the following disclaimer in the
             documentation and/or other materials provided with the distribution.
          3. Neither the name of the University nor the names of its contributors
             may be used to endorse or promote products derived from this software
             without specific prior written permission.

          THIS SOFTWARE IS PROVIDED BY THE REGENTS AND CONTRIBUTORS ``AS IS'' AND
          ANY EXPRESS OR IMPLIED WARRANTIES, INCLUDING, BUT NOT LIMITED TO, THE
          IMPLIED WARRANTIES OF MERCHANTABILITY AND FITNESS FOR A PARTICULAR PURPOSE
          ARE DISCLAIMED.  IN NO EVENT SHALL THE REGENTS OR CONTRIBUTORS BE LIABLE
          FOR ANY DIRECT, INDIRECT, INCIDENTAL, SPECIAL, EXEMPLARY, OR CONSEQUENTIAL
          DAMAGES (INCLUDING, BUT NOT LIMITED TO, PROCUREMENT OF SUBSTITUTE GOODS
          OR SERVICES; LOSS OF USE, DATA, OR PROFITS; OR BUSINESS INTERRUPTION)
          HOWEVER CAUSED AND ON ANY THEORY OF LIABILITY, WHETHER IN CONTRACT, STRICT
          LIABILITY, OR TORT (INCLUDING NEGLIGENCE OR OTHERWISE) ARISING IN ANY WAY
          OUT OF THE USE OF THIS SOFTWARE, EVEN IF ADVISED OF THE POSSIBILITY OF
          SUCH DAMAGE.
    identifier: bsd_new-ccc98c3a-92d4-e7a3-e0ba-798328cb6b98
  - license_expression: fsf-free
    license_expression_spdx: FSFUL
    matches:
      - license_expression: fsf-free
        license_expression_spdx: FSFUL
        from_file:
        start_line: 180
        end_line: 181
        matcher: 1-hash
        score: '100.0'
        matched_length: 18
        match_coverage: '100.0'
        rule_relevance: 100
        rule_identifier: fsf-free.LICENSE
        rule_url: https://github.com/nexB/scancode-toolkit/tree/develop/src/licensedcode/data/licenses/fsf-free.LICENSE
        matched_text: |
          This configure script is free software; the Free Software Foundation
          gives unlimited permission to copy, distribute and modify it.
    identifier: fsf_free-95bff5c5-ed9b-1c78-0dd8-4c05168176ba
  - license_expression: fsf-unlimited-no-warranty
    license_expression_spdx: FSFULLRWD
    matches:
      - license_expression: fsf-unlimited-no-warranty
        license_expression_spdx: FSFULLRWD
        from_file:
        start_line: 184
        end_line: '191'
        matcher: 1-hash
        score: '100.0'
        matched_length: 63
        match_coverage: '100.0'
        rule_relevance: 100
        rule_identifier: fsf-unlimited-no-warranty.LICENSE
        rule_url: https://github.com/nexB/scancode-toolkit/tree/develop/src/licensedcode/data/licenses/fsf-unlimited-no-warranty.LICENSE
        matched_text: |
          This file is free software; the Free Software Foundation
          gives unlimited permission to copy and/or distribute it,
          with or without modifications, as long as this notice is preserved.

          This program is distributed in the hope that it will be useful,
          but WITHOUT ANY WARRANTY, to the extent permitted by law; without
          even the implied warranty of MERCHANTABILITY or FITNESS FOR A
          PARTICULAR PURPOSE.
    identifier: fsf_unlimited_no_warranty-0823c9f0-6e4b-8cf0-64e1-5165a09dfa45
  - license_expression: x11-xconsortium AND public-domain
    license_expression_spdx: X11 AND LicenseRef-scancode-public-domain
    matches:
      - license_expression: x11-xconsortium
        license_expression_spdx: X11
        from_file:
        start_line: '194'
        end_line: 214
        matcher: 2-aho
        score: '100.0'
        matched_length: 201
        match_coverage: '100.0'
        rule_relevance: 100
        rule_identifier: x11-xconsortium_2.RULE
        rule_url: https://github.com/nexB/scancode-toolkit/tree/develop/src/licensedcode/data/rules/x11-xconsortium_2.RULE
        matched_text: |
          Permission is hereby granted, free of charge, to any person obtaining a copy
          of this software and associated documentation files (the "Software"), to
          deal in the Software without restriction, including without limitation the
          rights to use, copy, modify, merge, publish, distribute, sublicense, and/or
          sell copies of the Software, and to permit persons to whom the Software is
          furnished to do so, subject to the following conditions:

          The above copyright notice and this permission notice shall be included in
          all copies or substantial portions of the Software.

          THE SOFTWARE IS PROVIDED "AS IS", WITHOUT WARRANTY OF ANY KIND, EXPRESS OR
          IMPLIED, INCLUDING BUT NOT LIMITED TO THE WARRANTIES OF MERCHANTABILITY,
          FITNESS FOR A PARTICULAR PURPOSE AND NONINFRINGEMENT.  IN NO EVENT SHALL THE
          X CONSORTIUM BE LIABLE FOR ANY CLAIM, DAMAGES OR OTHER LIABILITY, WHETHER IN
          AN ACTION OF CONTRACT, TORT OR OTHERWISE, ARISING FROM, OUT OF OR IN CONNEC-
          TION WITH THE SOFTWARE OR THE USE OR OTHER DEALINGS IN THE SOFTWARE.

          Except as contained in this notice, the name of the X Consortium shall not
          be used in advertising or otherwise to promote the sale, use or other deal-
          ings in this Software without prior written authorization from the X Consor-
          tium.
      - license_expression: public-domain
        license_expression_spdx: LicenseRef-scancode-public-domain
        from_file:
        start_line: 216
        end_line: 216
        matcher: 2-aho
        score: '100.0'
        matched_length: 10
        match_coverage: '100.0'
        rule_relevance: 100
        rule_identifier: public-domain_58.RULE
        rule_url: https://github.com/nexB/scancode-toolkit/tree/develop/src/licensedcode/data/rules/public-domain_58.RULE
        matched_text: FSF changes to this file are in the public domain.
    identifier: x11_xconsortium_and_public_domain-85b6bf80-9de9-fe71-fa83-14be44f52a4b
  - license_expression: gpl-2.0-plus
    license_expression_spdx: GPL-2.0-or-later
    matches:
      - license_expression: gpl-2.0-plus
        license_expression_spdx: GPL-2.0-or-later
        from_file:
        start_line: 218
        end_line: 218
        matcher: 1-hash
        score: '100.0'
        matched_length: 3
        match_coverage: '100.0'
        rule_relevance: 100
        rule_identifier: gpl-2.0-plus_22.RULE
        rule_url: https://github.com/nexB/scancode-toolkit/tree/develop/src/licensedcode/data/rules/gpl-2.0-plus_22.RULE
        matched_text: 'License: gpl-2+'
      - license_expression: gpl-2.0-plus
        license_expression_spdx: GPL-2.0-or-later
        from_file:
        start_line: 219
        end_line: 234
        matcher: 1-hash
        score: '100.0'
        matched_length: 134
        match_coverage: '100.0'
        rule_relevance: 100
        rule_identifier: gpl-2.0-plus_737.RULE
        rule_url: https://github.com/nexB/scancode-toolkit/tree/develop/src/licensedcode/data/rules/gpl-2.0-plus_737.RULE
        matched_text: |
          This program is free software; you can redistribute it and/or modify
          it under the terms of the GNU General Public License as published by
          the Free Software Foundation; either version 2, or (at your option)
          any later version.

          This program is distributed in the hope that it will be useful,
          but WITHOUT ANY WARRANTY; without even the implied warranty of
          MERCHANTABILITY or FITNESS FOR A PARTICULAR PURPOSE.  See the GNU
          General Public License for more details.

          You should have received a copy of the GNU General Public License along
          with this program; if not, write to the Free Software Foundation,
          Inc., 51 Franklin Street, Fifth Floor, Boston, MA 02110-1301, USA.

          On Debian systems, the complete text of the GNU General Public License
          version 2 can be found in ‘/usr/share/common-licenses/GPL-2’.
    identifier: gpl_2_0_plus-b1b987d4-03d4-5eb8-154c-7c270ba63c44
  - license_expression: public-domain
    license_expression_spdx: LicenseRef-scancode-public-domain
    matches:
      - license_expression: public-domain
        license_expression_spdx: LicenseRef-scancode-public-domain
        from_file:
        start_line: 138
        end_line: 138
        matcher: 1-hash
        score: '99.0'
        matched_length: 3
        match_coverage: '100.0'
        rule_relevance: 99
        rule_identifier: pypi_public_domain.RULE
        rule_url: https://github.com/nexB/scancode-toolkit/tree/develop/src/licensedcode/data/rules/pypi_public_domain.RULE
        matched_text: 'License: public-domain'
    identifier: public_domain-1a6a4f2c-bd92-9942-920f-be3d0c2bbda6
copyright: |
  1989-1994 The Regents of the University of California. All rights reserved.
  1997 Christos Zoulas. All rights reserved.
  1997-2018 Herbert Xu <herbert@gondor.apana.org.au>. All rights reserved.
  1994-2011, Free Software Foundation, Inc.
  1996-2011, Free Software Foundation, Inc.
  1992-1996, 1998-2012, Free Software Foundation, Inc.
  1997, 1998, 1999, 2000, 2001, 2002, 2003, 2004, Herbert Xu <herbert@debian.org>
  2004, 2005, 2006, 2007, 2008, 2009, 2010, 2012, 2014, Gerrit Pape <pape@smarden.org>
  2009, Luk Claes <luk@debian.org>
  2010, 2011, Jonathan Nieder <jrnieder@gmail.com>
  2010, Adam D. Barratt <adam@adam-barratt.org.uk>
  2010, Christian Perrier <bubulle@debian.org>
  2013, Michael Gilbert <mgilbert@debian.org>
  2016, Helmut Grohne <helmut@subdivi.de>
  2016, Mattia Rizzolo <mattia@debian.org>
  2016, Niels Thykier <niels@thykier.net>
  2017, Adam Borowski <kilobyte@angband.pl>
  2017, Ximin Luo <infinity0@debian.org>
  2018, 2019, Andrej Shadura <andrewsh@debian.org>
  2008, 2009, Damyan Ivanov <dmn@debian.org>
  2008, Xabier Bilbao <xabidu@gmail.com>
  2008, 2010, Iñaki Larrañaga Murgoitio <dooteo@euskalgnu.org>
  2008, 2011, Mert Dirik <mertdirik@gmail.com>
  2004, Claus Hindsgaul <claus_h@image.dk>
  2006, Claus Hindsgaul <claus.hindsgaul@gmail.com>
  2010, Joe Hansen <joedalton2@yahoo.dk>
  2006-2009, Helge Kreutzmann <debian@helgefjell.de>
  2008, 2009, Software in the Public Interest
  2008, Fernando Cerezal López <kryptos21@gmail.com>
  2009, Francisco Javier Cuadrado <fcocuadrado@gmail.com>
  2009, Julien Patriarca <patriarcaj@gmail.com>
  2008, Thijs Kinkhorst <thijs@debian.org>
  2010, Eric Spreen <erispre@gmail.com>
  2008, André Luís Lopes <andrelop@debian.org>
  2008-2010, Adriano Rafael Gomes <adrianorg@gmail.com>
  2008, André Luís Lopes <andrelop@debian.org>
  2008-2010, Adriano Rafael Gomes <adrianorg@gmail.com>
  2011, Slavko <linux@slavino.sk>
  2008, Eddy Petrișor <eddy.petrisor@gmail.com>
  2012, Andrei Popescu <andreimpopescu@gmail.com
  2011, Zlatan Todorić <zlatan.todoric@gmail.com>
  2008, Martin Ågren <martin.agren@gmail.com>
  2009, Martin Bagge <brother@bsnet.se>
  2005-2010, Clytie Siddall <clytie@riverland.net.au>
  2010, Free Software Foundation, Inc.
  1994, X Consortium
  1999, 2000, 2003—2012, Free Software Foundation, Inc.
  Erik Baalbergen, Eric Gisin, Arnold Robbins, J.T. Conklin
  1997-2005, 2007, Herbert Xu <herbert@gondor.apana.org.au>.
  1989, 1991, 1993, 1995, The Regents of the University of California.
  1994-2011, Free Software
  1992, 1996, 1997, 1999, 2000, 2002-2012, Free Software Foundation, Inc.
