{
  "type": "npm",
  "namespace": "@invisionag",
  "name": "eslint-config-ivx",
  "version": "0.0.2",
  "qualifiers": null,
  "subpath": null,
  "primary_language": "JavaScript",
  "description": null,
  "release_date": null,
  "parties": [
    {
      "type": "person",
      "role": "author",
      "name": "Alexander Plavinski",
      "email": "alexander.plavinski@invision.de",
      "url": null
    }
  ],
  "keywords": [],
  "homepage_url": null,
  "download_url": "https://registry.npmjs.org/@invisionag/eslint-config-ivx/-/eslint-config-ivx-0.0.2.tgz",
  "size": null,
  "sha1": null,
  "md5": null,
  "sha256": null,
  "sha512": null,
  "bug_tracking_url": null,
  "code_view_url": null,
  "vcs_url": "https://github.com/ivx/eslint-config-ivx.git",
  "copyright": null,
  "license_expression": "mit",
  "declared_license": [
    "MIT"
  ],
  "notice_text": null,
  "root_path": null,
  "dependencies": [
    {
      "purl": "pkg:npm/babel-eslint",
      "requirement": "^7.2.3",
      "scope": "dependencies",
      "is_runtime": true,
      "is_optional": false,
      "is_resolved": false
    },
    {
      "purl": "pkg:npm/eslint-config-airbnb",
      "requirement": "^15.0.2",
      "scope": "dependencies",
      "is_runtime": true,
      "is_optional": false,
      "is_resolved": false
    },
    {
      "purl": "pkg:npm/eslint-config-prettier",
      "requirement": "^2.3.0",
      "scope": "dependencies",
      "is_runtime": true,
      "is_optional": false,
      "is_resolved": false
    },
    {
      "purl": "pkg:npm/eslint-plugin-flowtype",
      "requirement": "^2.34.1",
      "scope": "dependencies",
      "is_runtime": true,
      "is_optional": false,
      "is_resolved": false
    },
    {
      "purl": "pkg:npm/eslint-plugin-import",
      "requirement": "^2.6.1",
      "scope": "dependencies",
      "is_runtime": true,
      "is_optional": false,
      "is_resolved": false
    },
    {
      "purl": "pkg:npm/eslint-plugin-jsx-a11y",
      "requirement": "^5.1.1",
      "scope": "dependencies",
      "is_runtime": true,
      "is_optional": false,
      "is_resolved": false
    },
    {
      "purl": "pkg:npm/eslint-plugin-prettier",
      "requirement": "^2.1.2",
      "scope": "dependencies",
      "is_runtime": true,
      "is_optional": false,
      "is_resolved": false
    },
    {
      "purl": "pkg:npm/eslint-plugin-react",
      "requirement": "^7.1.0",
      "scope": "dependencies",
      "is_runtime": true,
      "is_optional": false,
      "is_resolved": false
    },
    {
      "purl": "pkg:npm/eslint",
      "requirement": "^3.19.0",
      "scope": "devDependencies",
      "is_runtime": false,
      "is_optional": true,
      "is_resolved": false
    },
    {
      "purl": "pkg:npm/prettier",
      "requirement": "^1.5.2",
      "scope": "devDependencies",
      "is_runtime": false,
      "is_optional": true,
      "is_resolved": false
    },
    {
      "purl": "pkg:npm/eslint",
      "requirement": "^3.19.0",
      "scope": "peerDependencies",
      "is_runtime": true,
      "is_optional": false,
      "is_resolved": false
    },
    {
      "purl": "pkg:npm/prettier",
      "requirement": "^1.5.2",
      "scope": "peerDependencies",
      "is_runtime": true,
      "is_optional": false,
      "is_resolved": false
    }
  ],
  "contains_source_code": null,
  "source_packages": [],
  "purl": "pkg:npm/%40invisionag/eslint-config-ivx@0.0.2",
  "repository_homepage_url": "https://www.npmjs.com/package/@invisionag/eslint-config-ivx",
  "repository_download_url": "https://registry.npmjs.org/@invisionag/eslint-config-ivx/-/eslint-config-ivx-0.0.2.tgz",
  "api_data_url": "https://registry.npmjs.org/@invisionag%2feslint-config-ivx"
}