declared_license:
  - GPL-2+
  - GPL-2
  - GPL-2
  - GPL-2
  - GPL-2
  - GPL-2
  - public-domain
  - BSD-4-clause
  - MIT
  - MIT
  - BSD-2-clause
  - BSD-2-clause
  - BSD-2-clause
  - BSD-3-clause
  - BSD-3-clause
  - LGPL-2+
  - LGPL-2+
  - LGPL-2+
  - LGPL-2.1+
  - LGPL-2.1+
  - LGPL-2.1+
  - GPL-3+
  - LGPL-2.1+
  - LGPL
  - LGPL-2.1+
  - LGPL
  - LGPL
  - LGPL-2.1+
  - LGPL-3+
  - LGPL-2.1+
  - GPL-2+
  - GPL-2+
  - public-domain
  - GPL-2
  - GPL-2+
  - GPL-3+
  - BSD-2-clause
  - BSD-3-clause
  - BSD-4-clause
  - LGPL
  - LGPL-2+
  - LGPL-2.1+
  - LGPL-3+
  - MIT
declared_license_expression: gpl-2.0-plus
declared_license_expression_spdx: GPL-2.0-or-later
other_license_expression: (gpl-2.0-plus AND gpl-2.0-plus) AND (gpl-2.0 AND gpl-2.0) AND (gpl-2.0
  AND gpl-2.0) AND (gpl-2.0 AND gpl-2.0) AND (gpl-2.0 AND gpl-2.0) AND (gpl-2.0 AND gpl-2.0)
  AND public-domain AND bsd-original-uc AND mit AND mit AND bsd-simplified AND bsd-simplified
  AND bsd-simplified AND bsd-new AND bsd-new AND (lgpl-2.0-plus AND lgpl-2.0-plus) AND (lgpl-2.0-plus
  AND lgpl-2.0-plus) AND (lgpl-2.0-plus AND lgpl-2.0-plus) AND (lgpl-2.1-plus AND lgpl-2.1-plus)
  AND (lgpl-2.1-plus AND lgpl-2.1-plus) AND (lgpl-2.1-plus AND lgpl-2.1-plus) AND (gpl-3.0-plus
  AND gpl-3.0-plus) AND (lgpl-2.1-plus AND lgpl-2.1-plus) AND (lgpl-2.0-plus AND lgpl-2.1-plus)
  AND (lgpl-2.1-plus AND lgpl-2.1-plus) AND (lgpl-2.0-plus AND lgpl-2.1-plus) AND (lgpl-2.0-plus
  AND lgpl-2.1-plus) AND (lgpl-2.1-plus AND lgpl-2.1-plus) AND (lgpl-3.0-plus AND lgpl-3.0-plus)
  AND (lgpl-2.1-plus AND lgpl-2.1-plus) AND (gpl-2.0-plus AND gpl-2.0-plus) AND (gpl-2.0-plus
  AND gpl-2.0-plus)
other_license_expression_spdx: (GPL-2.0-or-later AND GPL-2.0-or-later) AND (GPL-2.0-only AND
  GPL-2.0-only) AND (GPL-2.0-only AND GPL-2.0-only) AND (GPL-2.0-only AND GPL-2.0-only) AND
  (GPL-2.0-only AND GPL-2.0-only) AND (GPL-2.0-only AND GPL-2.0-only) AND LicenseRef-scancode-public-domain
  AND BSD-4-Clause-UC AND MIT AND MIT AND BSD-2-Clause AND BSD-2-Clause AND BSD-2-Clause AND
  BSD-3-Clause AND BSD-3-Clause AND (LGPL-2.0-or-later AND LGPL-2.0-or-later) AND (LGPL-2.0-or-later
  AND LGPL-2.0-or-later) AND (LGPL-2.0-or-later AND LGPL-2.0-or-later) AND (LGPL-2.1-or-later
  AND LGPL-2.1-or-later) AND (LGPL-2.1-or-later AND LGPL-2.1-or-later) AND (LGPL-2.1-or-later
  AND LGPL-2.1-or-later) AND (GPL-3.0-or-later AND GPL-3.0-or-later) AND (LGPL-2.1-or-later
  AND LGPL-2.1-or-later) AND (LGPL-2.0-or-later AND LGPL-2.1-or-later) AND (LGPL-2.1-or-later
  AND LGPL-2.1-or-later) AND (LGPL-2.0-or-later AND LGPL-2.1-or-later) AND (LGPL-2.0-or-later
  AND LGPL-2.1-or-later) AND (LGPL-2.1-or-later AND LGPL-2.1-or-later) AND (LGPL-3.0-or-later
  AND LGPL-3.0-or-later) AND (LGPL-2.1-or-later AND LGPL-2.1-or-later) AND (GPL-2.0-or-later
  AND GPL-2.0-or-later) AND (GPL-2.0-or-later AND GPL-2.0-or-later)
license_detections: []
other_license_detections:
  - license_expression: public-domain
    license_expression_spdx: LicenseRef-scancode-public-domain
    matches:
      - license_expression: public-domain
        license_expression_spdx: LicenseRef-scancode-public-domain
        from_file:
        start_line: 345
        end_line: 346
        matcher: 2-aho
        score: '100.0'
        matched_length: 17
        match_coverage: '100.0'
        rule_relevance: 100
        rule_identifier: public-domain_28.RULE
        rule_url: https://github.com/nexB/scancode-toolkit/tree/develop/src/licensedcode/data/rules/public-domain_28.RULE
        matched_text: |
          No copyright is claimed.  This code is in the public domain; do with
          it what you wish.
    identifier: public_domain-94c09237-25b0-ab6d-340e-62eae2b7eea9
  - license_expression: gpl-2.0
    license_expression_spdx: GPL-2.0-only
    matches:
      - license_expression: gpl-2.0
        license_expression_spdx: GPL-2.0-only
        from_file:
        start_line: 350
        end_line: 350
        matcher: 1-hash
        score: '100.0'
        matched_length: 3
        match_coverage: '100.0'
        rule_relevance: 100
        rule_identifier: gpl-2.0_561.RULE
        rule_url: https://github.com/nexB/scancode-toolkit/tree/develop/src/licensedcode/data/rules/gpl-2.0_561.RULE
        matched_text: 'License: gpl-2'
      - license_expression: gpl-2.0
        license_expression_spdx: GPL-2.0-only
        from_file:
        start_line: 351
        end_line: 365
        matcher: 1-hash
        score: '100.0'
        matched_length: 125
        match_coverage: '100.0'
        rule_relevance: 100
        rule_identifier: gpl-2.0_1189.RULE
        rule_url: https://github.com/nexB/scancode-toolkit/tree/develop/src/licensedcode/data/rules/gpl-2.0_1189.RULE
        matched_text: |
          This program is free software; you can redistribute it and/or modify
          it under the terms of the GNU General Public License, v2, as
          published by the Free Software Foundation

          This program is distributed in the hope that it will be useful,
          but WITHOUT ANY WARRANTY; without even the implied warranty of
          MERCHANTABILITY or FITNESS FOR A PARTICULAR PURPOSE.  See the
          GNU General Public License for more details.

          You should have received a copy of the GNU General Public License along
          with this program; if not, write to the Free Software Foundation, Inc.,
          51 Franklin Street, Fifth Floor, Boston, MA 02110-1301 USA.

          On Debian systems, the complete text of the GNU General Public
          License version 2 can be found in `/usr/share/common-licenses/GPL-2'.
    identifier: gpl_2_0-f0da9233-5233-7bfb-cd4d-15c9cbd6a410
  - license_expression: gpl-2.0-plus
    license_expression_spdx: GPL-2.0-or-later
    matches:
      - license_expression: gpl-2.0-plus
        license_expression_spdx: GPL-2.0-or-later
        from_file:
        start_line: 367
        end_line: 367
        matcher: 1-hash
        score: '100.0'
        matched_length: 3
        match_coverage: '100.0'
        rule_relevance: 100
        rule_identifier: gpl-2.0-plus_22.RULE
        rule_url: https://github.com/nexB/scancode-toolkit/tree/develop/src/licensedcode/data/rules/gpl-2.0-plus_22.RULE
        matched_text: 'License: gpl-2+'
      - license_expression: gpl-2.0-plus
        license_expression_spdx: GPL-2.0-or-later
        from_file:
        start_line: 368
        end_line: 383
        matcher: 1-hash
        score: '100.0'
        matched_length: 137
        match_coverage: '100.0'
        rule_relevance: 100
        rule_identifier: gpl-2.0-plus_906.RULE
        rule_url: https://github.com/nexB/scancode-toolkit/tree/develop/src/licensedcode/data/rules/gpl-2.0-plus_906.RULE
        matched_text: |
          This program is free software; you can redistribute it and/or modify
          it under the terms of the GNU General Public License as published by
          the Free Software Foundation; either version 2 of the License, or
          (at your option) any later version.

          This program is distributed in the hope that it will be useful,
          but WITHOUT ANY WARRANTY; without even the implied warranty of
          MERCHANTABILITY or FITNESS FOR A PARTICULAR PURPOSE.  See the
          GNU General Public License for more details.

          You should have received a copy of the GNU General Public License along
          with this program; if not, write to the Free Software Foundation, Inc.,
          51 Franklin Street, Fifth Floor, Boston, MA 02110-1301 USA.

          On Debian systems, the complete text of the GNU General Public
          License version 2 can be found in `/usr/share/common-licenses/GPL-2'.
    identifier: gpl_2_0_plus-389a73cc-676e-ecc6-075d-3774a1be9778
  - license_expression: gpl-3.0-plus
    license_expression_spdx: GPL-3.0-or-later
    matches:
      - license_expression: gpl-3.0-plus
        license_expression_spdx: GPL-3.0-or-later
        from_file:
        start_line: 385
        end_line: 385
        matcher: 1-hash
        score: '100.0'
        matched_length: 3
        match_coverage: '100.0'
        rule_relevance: 100
        rule_identifier: gpl-3.0-plus_92.RULE
        rule_url: https://github.com/nexB/scancode-toolkit/tree/develop/src/licensedcode/data/rules/gpl-3.0-plus_92.RULE
        matched_text: 'License: gpl-3+'
      - license_expression: gpl-3.0-plus
        license_expression_spdx: GPL-3.0-or-later
        from_file:
        start_line: 386
        end_line: 400
        matcher: 1-hash
        score: '100.0'
        matched_length: 126
        match_coverage: '100.0'
        rule_relevance: 100
        rule_identifier: gpl-3.0-plus_416.RULE
        rule_url: https://github.com/nexB/scancode-toolkit/tree/develop/src/licensedcode/data/rules/gpl-3.0-plus_416.RULE
        matched_text: |
          This program is free software: you can redistribute it and/or modify
          it under the terms of the GNU General Public License as published by
          the Free Software Foundation; either version 3 of the License, or
          (at your option) any later version.

          This program is distributed in the hope that it will be useful,
          but WITHOUT ANY WARRANTY; without even the implied warranty of
          MERCHANTABILITY or FITNESS FOR A PARTICULAR PURPOSE.  See the
          GNU General Public License for more details.

          You should have received a copy of the GNU General Public License
          along with this program.  If not, see <http://www.gnu.org/licenses/>.

          On Debian systems, the complete text of the GNU General Public
          License version 3 can be found in `/usr/share/common-licenses/GPL-3'.
    identifier: gpl_3_0_plus-6dd38d39-ae32-a5a3-58aa-6d4f4a3f1cdb
  - license_expression: bsd-simplified
    license_expression_spdx: BSD-2-Clause
    matches:
      - license_expression: bsd-simplified
        license_expression_spdx: BSD-2-Clause
        from_file:
        start_line: 403
        end_line: 410
        matcher: 1-hash
        score: '100.0'
        matched_length: 70
        match_coverage: '100.0'
        rule_relevance: 100
        rule_identifier: bsd-simplified_264.RULE
        rule_url: https://github.com/nexB/scancode-toolkit/tree/develop/src/licensedcode/data/rules/bsd-simplified_264.RULE
        matched_text: |
          Redistribution and use in source and binary forms, with or without
          modification, are permitted provided that the following conditions
          are met:
          1. Redistributions of source code must retain the above copyright
             notice, this list of conditions and the following disclaimer.
          2. Redistributions in binary form must reproduce the above copyright
             notice, this list of conditions and the following disclaimer in the
             documentation and/or other materials provided with the distribution.
    identifier: bsd_simplified-523bd88c-42d2-11cb-3886-60be795149d1
  - license_expression: bsd-new
    license_expression_spdx: BSD-3-Clause
    matches:
      - license_expression: bsd-new
        license_expression_spdx: BSD-3-Clause
        from_file:
        start_line: 413
        end_line: 437
        matcher: 1-hash
        score: '100.0'
        matched_length: 215
        match_coverage: '100.0'
        rule_relevance: 100
        rule_identifier: bsd-new_1063.RULE
        rule_url: https://github.com/nexB/scancode-toolkit/tree/develop/src/licensedcode/data/rules/bsd-new_1063.RULE
        matched_text: |
          Redistribution and use in source and binary forms, with or without
          modification, are permitted provided that the following conditions are met:

          1) Redistributions of source code must retain the above copyright notice,
          this list of conditions and the following disclaimer.

          2) Redistributions in binary form must reproduce the above copyright notice,
          this list of conditions and the following disclaimer in the documentation
          and/or other materials provided with the distribution.

          3) Neither the name of the ORGANIZATION nor the names of its contributors
          may be used to endorse or promote products derived from this software
          without specific prior written permission.

          THIS SOFTWARE IS PROVIDED BY THE COPYRIGHT HOLDERS AND CONTRIBUTORS "AS IS"
          AND ANY EXPRESS OR IMPLIED WARRANTIES, INCLUDING, BUT NOT LIMITED TO, THE
          IMPLIED WARRANTIES OF MERCHANTABILITY AND FITNESS FOR A PARTICULAR PURPOSE
          ARE DISCLAIMED. IN NO EVENT SHALL THE COPYRIGHT HOLDER OR CONTRIBUTORS BE
          LIABLE FOR ANY DIRECT, INDIRECT, INCIDENTAL, SPECIAL, EXEMPLARY, OR
          CONSEQUENTIAL DAMAGES (INCLUDING, BUT NOT LIMITED TO, PROCUREMENT OF
          SUBSTITUTE GOODS OR SERVICES; LOSS OF USE, DATA, OR PROFITS; OR BUSINESS
          INTERRUPTION) HOWEVER CAUSED AND ON ANY THEORY OF LIABILITY, WHETHER IN
          CONTRACT, STRICT LIABILITY, OR TORT (INCLUDING NEGLIGENCE OR OTHERWISE)
          ARISING IN ANY WAY OUT OF THE USE OF THIS SOFTWARE, EVEN IF ADVISED OF THE
          POSSIBILITY OF SUCH DAMAGE.
    identifier: bsd_new-e6286cfc-fd40-08e1-ed33-3c2c1bad1f07
  - license_expression: bsd-original-uc
    license_expression_spdx: BSD-4-Clause-UC
    matches:
      - license_expression: bsd-original-uc
        license_expression_spdx: BSD-4-Clause-UC
        from_file:
        start_line: 440
        end_line: 466
        matcher: 1-hash
        score: '100.0'
        matched_length: 243
        match_coverage: '100.0'
        rule_relevance: 100
        rule_identifier: bsd-original-uc_3.RULE
        rule_url: https://github.com/nexB/scancode-toolkit/tree/develop/src/licensedcode/data/rules/bsd-original-uc_3.RULE
        matched_text: |
          Redistribution and use in source and binary forms, with or without
          modification, are permitted provided that the following conditions
          are met:
          1. Redistributions of source code must retain the above copyright
             notice, this list of conditions and the following disclaimer.
          2. Redistributions in binary form must reproduce the above copyright
             notice, this list of conditions and the following disclaimer in the
             documentation and/or other materials provided with the distribution.
          3. All advertising materials mentioning features or use of this software
             must display the following acknowledgement:
             This product includes software developed by the University of
             California, Berkeley and its contributors.
          4. Neither the name of the University nor the names of its contributors
             may be used to endorse or promote products derived from this software
             without specific prior written permission.

          THIS SOFTWARE IS PROVIDED BY THE REGENTS AND CONTRIBUTORS ``AS IS'' AND
          ANY EXPRESS OR IMPLIED WARRANTIES, INCLUDING, BUT NOT LIMITED TO, THE
          IMPLIED WARRANTIES OF MERCHANTABILITY AND FITNESS FOR A PARTICULAR PURPOSE
          ARE DISCLAIMED.  IN NO EVENT SHALL THE REGENTS OR CONTRIBUTORS BE LIABLE
          FOR ANY DIRECT, INDIRECT, INCIDENTAL, SPECIAL, EXEMPLARY, OR CONSEQUENTIAL
          DAMAGES (INCLUDING, BUT NOT LIMITED TO, PROCUREMENT OF SUBSTITUTE GOODS
          OR SERVICES; LOSS OF USE, DATA, OR PROFITS; OR BUSINESS INTERRUPTION)
          HOWEVER CAUSED AND ON ANY THEORY OF LIABILITY, WHETHER IN CONTRACT, STRICT
          LIABILITY, OR TORT (INCLUDING NEGLIGENCE OR OTHERWISE) ARISING IN ANY WAY
          OUT OF THE USE OF THIS SOFTWARE, EVEN IF ADVISED OF THE POSSIBILITY OF
          SUCH DAMAGE.
    identifier: bsd_original_uc-f28cb4d4-6336-ee60-f186-4c1929d3a4b0
  - license_expression: lgpl-2.0-plus AND lgpl-2.1-plus
    license_expression_spdx: LGPL-2.0-or-later AND LGPL-2.1-or-later
    matches:
      - license_expression: lgpl-2.0-plus
        license_expression_spdx: LGPL-2.0-or-later
        from_file:
        start_line: 468
        end_line: 468
        matcher: 1-hash
        score: '100.0'
        matched_length: 2
        match_coverage: '100.0'
        rule_relevance: 100
        rule_identifier: lgpl-2.0-plus_51.RULE
        rule_url: https://github.com/nexB/scancode-toolkit/tree/develop/src/licensedcode/data/rules/lgpl-2.0-plus_51.RULE
        matched_text: 'License: lgpl'
      - license_expression: lgpl-2.1-plus
        license_expression_spdx: LGPL-2.1-or-later
        from_file:
        start_line: 469
        end_line: 473
        matcher: 1-hash
        score: '100.0'
        matched_length: 37
        match_coverage: '100.0'
        rule_relevance: 100
        rule_identifier: lgpl-2.1-plus_345.RULE
        rule_url: https://github.com/nexB/scancode-toolkit/tree/develop/src/licensedcode/data/rules/lgpl-2.1-plus_345.RULE
        matched_text: |
          This file may be redistributed under the terms of the
          GNU Lesser General Public License.

          On Debian systems, the complete text of the GNU Lesser General Public
          License can be found in ‘/usr/share/common-licenses/LGPL’.
    identifier: lgpl_2_0_plus_and_lgpl_2_1_plus-ee535b08-2e62-57ac-9b69-0ee8b03bde15
  - license_expression: lgpl-2.0-plus
    license_expression_spdx: LGPL-2.0-or-later
    matches:
      - license_expression: lgpl-2.0-plus
        license_expression_spdx: LGPL-2.0-or-later
        from_file:
        start_line: 475
        end_line: 475
        matcher: 1-hash
        score: '100.0'
        matched_length: 3
        match_coverage: '100.0'
        rule_relevance: 100
        rule_identifier: lgpl-2.0-plus_61.RULE
        rule_url: https://github.com/nexB/scancode-toolkit/tree/develop/src/licensedcode/data/rules/lgpl-2.0-plus_61.RULE
        matched_text: 'License: lgpl-2+'
      - license_expression: lgpl-2.0-plus
        license_expression_spdx: LGPL-2.0-or-later
        from_file:
        start_line: 476
        end_line: 490
        matcher: 1-hash
        score: '100.0'
        matched_length: 126
        match_coverage: '100.0'
        rule_relevance: 100
        rule_identifier: lgpl-2.0-plus_477.RULE
        rule_url: https://github.com/nexB/scancode-toolkit/tree/develop/src/licensedcode/data/rules/lgpl-2.0-plus_477.RULE
        matched_text: |
          This program is free software: you can redistribute it and/or modify
          it under the terms of the GNU Lesser General Public License as published by
          the Free Software Foundation, either version 2 of the License, or
          (at your option) any later version.

          This program is distributed in the hope that it will be useful,
          but WITHOUT ANY WARRANTY; without even the implied warranty of
          MERCHANTABILITY or FITNESS FOR A PARTICULAR PURPOSE. See the
          GNU Lesser General Public License for more details.

          You should have received a copy of the GNU Lesser General Public License
          along with this program. If not, see <http://www.gnu.org/licenses/>.

          The complete text of the GNU Lesser General Public License
          can be found in /usr/share/common-licenses/LGPL-2 file.
    identifier: lgpl_2_0_plus-8aa1c724-4bbb-dbb4-937d-77e7ac7027fe
  - license_expression: lgpl-2.1-plus
    license_expression_spdx: LGPL-2.1-or-later
    matches:
      - license_expression: lgpl-2.1-plus
        license_expression_spdx: LGPL-2.1-or-later
        from_file:
        start_line: 492
        end_line: 492
        matcher: 1-hash
        score: '100.0'
        matched_length: 4
        match_coverage: '100.0'
        rule_relevance: 100
        rule_identifier: lgpl-2.1-plus_108.RULE
        rule_url: https://github.com/nexB/scancode-toolkit/tree/develop/src/licensedcode/data/rules/lgpl-2.1-plus_108.RULE
        matched_text: 'License: lgpl-2.1+'
      - license_expression: lgpl-2.1-plus
        license_expression_spdx: LGPL-2.1-or-later
        from_file:
        start_line: 493
        end_line: 508
        matcher: 1-hash
        score: '100.0'
        matched_length: 141
        match_coverage: '100.0'
        rule_relevance: 100
        rule_identifier: lgpl-2.1-plus_344.RULE
        rule_url: https://github.com/nexB/scancode-toolkit/tree/develop/src/licensedcode/data/rules/lgpl-2.1-plus_344.RULE
        matched_text: |
          This program is free software; you can redistribute it and/or modify
          it under the terms of the GNU Lesser General Public License as published by
          the Free Software Foundation; either version 2.1, or (at your option)
          any later version.

          This program is distributed in the hope that it will be useful,
          but WITHOUT ANY WARRANTY; without even the implied warranty of
          MERCHANTABILITY or FITNESS FOR A PARTICULAR PURPOSE.  See the
          GNU Lesser General Public License for more details.

          You should have received a copy of the GNU Lesser General Public License along
          with this program; if not, write to the Free Software Foundation,
          Inc., 51 Franklin Street, Fifth Floor, Boston, MA 02110-1301, USA.

          On Debian systems, the complete text of the GNU Lesser General Public
          License version 2.1 can be found in ‘/usr/share/common-licenses/LGPL-2.1’.
    identifier: lgpl_2_1_plus-920f52f3-7de9-6f8b-d6c2-998167ded0bd
  - license_expression: lgpl-3.0-plus
    license_expression_spdx: LGPL-3.0-or-later
    matches:
      - license_expression: lgpl-3.0-plus
        license_expression_spdx: LGPL-3.0-or-later
        from_file:
        start_line: 510
        end_line: 510
        matcher: 1-hash
        score: '100.0'
        matched_length: 3
        match_coverage: '100.0'
        rule_relevance: 100
        rule_identifier: lgpl-3.0-plus_166.RULE
        rule_url: https://github.com/nexB/scancode-toolkit/tree/develop/src/licensedcode/data/rules/lgpl-3.0-plus_166.RULE
        matched_text: 'License: lgpl-3+'
      - license_expression: lgpl-3.0-plus
        license_expression_spdx: LGPL-3.0-or-later
        from_file:
        start_line: 511
        end_line: 525
        matcher: 1-hash
        score: '100.0'
        matched_length: 127
        match_coverage: '100.0'
        rule_relevance: 100
        rule_identifier: lgpl-3.0-plus_206.RULE
        rule_url: https://github.com/nexB/scancode-toolkit/tree/develop/src/licensedcode/data/rules/lgpl-3.0-plus_206.RULE
        matched_text: |
          This package is free software; you can redistribute it and/or
          modify it under the terms of the GNU Lesser General Public
          License as published by the Free Software Foundation; either
          version 3 of the License, or (at your option) any later version.

          This package is distributed in the hope that it will be useful,
          but WITHOUT ANY WARRANTY; without even the implied warranty of
          MERCHANTABILITY or FITNESS FOR A PARTICULAR PURPOSE.  See the GNU
          Lesser General Public License for more details.

          You should have received a copy of the GNU General Public License
          along with this program. If not, see <http://www.gnu.org/licenses/>.

          On Debian systems, the complete text of the GNU Lesser General
          Public License can be found in "/usr/share/common-licenses/LGPL-3".
    identifier: lgpl_3_0_plus-65e3f8ed-4734-2985-77a5-8c1ebf21d5a1
  - license_expression: mit
    license_expression_spdx: MIT
    matches:
      - license_expression: mit
        license_expression_spdx: MIT
        from_file:
        start_line: 528
        end_line: 546
        matcher: 1-hash
        score: '100.0'
        matched_length: 161
        match_coverage: '100.0'
        rule_relevance: 100
        rule_identifier: mit.LICENSE
        rule_url: https://github.com/nexB/scancode-toolkit/tree/develop/src/licensedcode/data/licenses/mit.LICENSE
        matched_text: |
          Permission is hereby granted, free of charge, to any person
          obtaining a copy of this software and associated documentation files
          (the "Software"), to deal in the Software without restriction,
          including without limitation the rights to use, copy, modify, merge,
          publish, distribute, sublicense, and/or sell copies of the Software,
          and to permit persons to whom the Software is furnished to do so,
          subject to the following conditions:

          The above copyright notice and this permission notice shall be
          included in all copies or substantial portions of the Software.

          THE SOFTWARE IS PROVIDED "AS IS", WITHOUT WARRANTY OF ANY KIND,
          EXPRESS OR IMPLIED, INCLUDING BUT NOT LIMITED TO THE WARRANTIES OF
          MERCHANTABILITY, FITNESS FOR A PARTICULAR PURPOSE AND
          NONINFRINGEMENT. IN NO EVENT SHALL THE AUTHORS OR COPYRIGHT HOLDERS
          BE LIABLE FOR ANY CLAIM, DAMAGES OR OTHER LIABILITY, WHETHER IN AN
          ACTION OF CONTRACT, TORT OR OTHERWISE, ARISING FROM, OUT OF OR IN
          CONNECTION WITH THE SOFTWARE OR THE USE OR OTHER DEALINGS IN THE
          SOFTWARE.
    identifier: mit-cacd5c0c-204a-85c2-affc-e4c125b2492a
copyright: |
  Michal Luscon <mluscon@redhat.com>
  1986 Gary S. Brown
  1990 Gordon Irlam (gordoni@cs.ua.oz.au)
  1991, 1992 Linus Torvalds
  1991-2004 Miquel van Smoorenburg
  1992 A. V. Le Blanc (LeBlanc@mcc.ac.uk)
  1992-1997 Michael K. Johnson, johnsonm@redhat.com
  1993, 1994, 1995, 1996, 1997, 1998, 1999, 2000, 2001, 2002,
  2003, 2004, 2005, 2008 Theodore Ts'o <tytso@mit.edu>
  1994 Kevin E. Martin (martin@cs.unc.edu)
  1994 Salvatore Valente <svalente@mit.edu>
  1994,1996 Alessandro Rubini (rubini@ipvvis.unipv.it)
  1994-2005 Jeff Tranter (tranter@pobox.com)
  1995, 1999, 2000 Andries E. Brouwer <aeb@cwi.nl>
  1997-2005 Frodo Looijaard <frodo@frodo.looijaard.name>
  1998 Danek Duvall <duvall@alumni.princeton.edu>
  1999 Andreas Dilger
  1999-2002 Transmeta Corporation
  1999, 2000, 2002-2009, 2010, 2011, 2012, 2014 Red Hat, Inc.
  2000 Werner Almesberger
  2004-2006 Michael Holzt, kju -at- fqdn.org
  2005 Adrian Bunk
  2007-2020 Karel Zak <kzak@redhat.com>
  2007, 2011, 2012, 2016 SuSE LINUX Products GmbH
  2008 Cai Qian <qcai@redhat.com>
  2008 Hayden A. James (hayden.james@gmail.com)
  2008 James Youngman <jay@gnu.org>
  2008 Roy Peled, the.roy.peled -at- gmail.com
  2009 Mikhail Gusarov <dottedmag@dottedmag.net>
  2010, 2011, 2012 Davidlohr Bueso <dave@gnu.org>
  2010 Jason Borden <jborden@bluehost.com>A
  2010 Hajime Taira <htaira@redhat.com>
  2010 Masatake Yamato <yamato@redhat.com>
  2011 IBM Corp.
  2012 Andy Lutomirski <luto@amacapital.net>
  2012 Lennart Poettering
  2012 Sami Kerola <kerolasa@iki.fi>
  2012 Cody Maloney <cmaloney@theoreticalchaos.com>
  2012 Werner Fink <werner@suse.de>
  2013,2014 Ondrej Oprala <ooprala@redhat.com>
  2005 Jens Axboe <jens@axboe.dk>
  2004 Robert Love <rml@tech9.net>
  2010 Karel Zak <kzak@redhat.com>
  1999, 2000, Red Hat Software
  2012-2013 Eric Biederman <ebiederm@xmission.com>
  1991, 1992 Linus Torvalds
  n/a
  1980, 1983, 1987, 1988, 1989, 1990, 1991, 1992, 1993, 1994
  The Regents of the University of California
  2014 Sami Kerola <kerolasa@iki.fi>
  2014 Karel Zak <kzak@redhat.com>
  1996, 2003 Rickard E. Faith (faith@acm.org)
  2003-2005 H. Peter Anvin
  2000-2001 Gunnar Ritter
  1987 Regents of the University of California
  1980, 1987, 1988 The Regents of the University of California.
  2011 Karel Zak <kzak@redhat.com>
  2003, 2004, 2005 Thorsten Kukuk
  1996, 1997, 1998, 1999, 2007 Theodore Ts'o.
  1999 Andreas Dilger (adilger@enel.ucalgary.ca)
  2010, 2011 Davidlohr Bueso <dave@gnu.org>
  2012 Ondrej Oprala <ooprala@redhat.com>
  2012-2014 Karel Zak <kzak@redhat.com>
  1994 Martin Schulze <joey@infodrom.north.de>
  1994 Salvatore Valente <svalente@mit.edu>
  2007-2013 Karel Zak <kzak@redhat.com>
  2012 Davidlohr Bueso <dave@gnu.org>
  2008-2009, 2010, 2011, 2012 Karel Zak <kzak@redhat.com>
  2009-2010 Free Software Foundation, Inc.
  2010-2013 Karel Zak <kzak@redhat.com>
  1992-2007, 2009-2014 Free Software Foundation, Inc.
  2010 Lennart Poettering
  2008 Karel Zak <kzak@redhat.com>
  1999-2008 by Theodore Ts'o
  1999, 2001 Andries Brouwer
  1995, 1995, 1996, 1997, 1999, 2000, 2001, 2002, 2003, 2004
  Theodore Ts'o.
  2001 Andreas Dilger (adilger@turbolinux.com)
  2004-2008 Kay Sievers <kay.sievers@vrfy.org>
  2008-2013 Karel Zak <kzak@redhat.com>
  2009 Bastian Friedrich <bastian.friedrich@collax.com>
  2009 Corentin Chary <corentincj@iksaif.net>
  2009 Mike Hommey <mh@glandium.org>
  2009 Red Hat, Inc.
  2009-2010 Andreas Dilger <adilger@sun.com>
  2010 Andrew Nayenko <resver@gmail.com>
  2010 Jeroen Oortwijn <oortwijn@gmail.com>
  2010 Jiro SEKIBA <jir@unicus.jp>
  2011 Philipp Marek <philipp.marek@linbit.com>
  2012 Milan Broz <mbroz@redhat.com>
  2013 Alejandro Martinez Ruiz <alex@nowcomputing.com>
  2013 Eric Sandeen <sandeen@redhat.com>
  2013 Rolf Fokkens <rolf@fokkens.nl>
  2013 Zeeshan Ali (Khattak) <zeeshanak@gnome.org>
  *unknown*
  2001 Andreas Dilger
  2008-2012 Karel Zak <kzak@redhat.com>
  2013, Red Hat, Inc.
  2009-2014 Karel Zak <kzak@redhat.com>
  2014 Ondrej Oprala <ooprala@redhat.com>
  Guy Maor <maor@debian.org>
  Sean 'Shaleh' Perry <shaleh@debian.org>
  Adrian Bunk <bunk@stusta.de>
  LaMont Jones <lamont@debian.org>
  1996-2003 Martin Mitchell (martin@debian.org)
  2008-2012 Frank Lichtenheld (djpig@debian.org)
  2014 Andreas Henriksson <andreas@fatal.se>
  2017-2020 Michael Biebl <biebl@debian.org>
  2019 Petter Reinholdtsen <pere@debian.org>
  2017-2020 Chris Hofstaedtler <zeha@debian.org>
  Aiet Kolkhi <aietkolkhi@gmail.com>
  Anton Gladky <gladky.anton@gmail.com>
  Arief S F (arief@gurame.fisika.ui.ac.id>
  Armin Beširović <armin@linux.org.ba>
  astur <malditoastur@gmail.com>
  Axel Bojer <axelb@skolelinux.no>
  Bart Cornelis <cobaco@skolelinux.no>
  Bartosz Fe�ski <fenio@o2.pl>
  Basil Shubin <bashu@surgut.ru>
  Baurzhan Muftakhidinov <baurthefirst@gmail.com>
  Bjorn Steensrud <bjornst@powertech.no>
  Claus Hindsgaul <claus_h@image.dk>
  Clytie Siddall <clytie@riverland.net.au>
  Dafydd Tomos <l10n@da.fydd.org>
  Damyan Ivanov <dam@modsoftsys.com>
  Daniel Franganillo <dfranganillo@gmail.com>
  Daniel Nylander <po@danielnylander.se>
  Danishka Navin <danishka@gmail.com>
  Dauren Sarsenov <daur88@inbox.ru>
  Dominik Zablotny <dominz@wp.pl>
  Dr.T.Vasudevan <agnihot3@gmail.com>
  Eddy Petrisor <eddy.petrisor@gmail.com>
  Eder L. Marques <frolic@debian-ce.org>
  Elian Myftiu <elian.myftiu@gmail.com>
  Emmanuel Galatoulas <galas@tee.gr>
  Esko Arajärvi <edu@iki.fi>
  Frank Lichtenheld <djpig@debian.org>
  Frédéric Bothamy <frederic.bothamy@free.fr>
  Gabor Burjan <buga@buvoshetes.hu>
  George Papamichelakis <george@step.gr>
  Hans Fredrik Nordhaug <hans@nordhaug.priv.no>
  Håvard Korsvoll <korsvoll@gmail.com>
  Hideki Yamane <henrich@samba.gr.jp>
  Hleb Rubanau <g.rubanau@gmail.com>
  I Gede Wijaya S <gwijayas@yahoo.com>
  Ivan Masár <helix84@centrum.sk>
  Jacobo Tarrio <jtarrio@debian.org>
  Jamil Ahmed <jamil@ankur.org.bd>
  Janos Guljas <janos@resenje.org>
  Jordi Mallach <jordi@debian.org>
  Josip Rodin <joy+ditrans@linux.hr>
  Karolina Kalic <karolina@resenje.org>
  Kartik Mistry <kartik.mistry@gmail.com>
  Kęstutis Biliūnas <kebil@kaunas.init.lt>
  Kevin Scannell <kscanne@gmail.com>
  Khoem Sokhem <khoemsokhem@khmeros.info>
  Klaus Ade Johnstad <klaus@skolelinux.no>
  Knut Yrvin <knuty@skolelinux.no>
  Konstantinos Margaritis <markos@debian.org>
  Kostas Papadimas <pkst@gnome.org>
  Kumar Appaiah <a.kumar@alumni.iitm.ac.in>
  Lior Kaplan <kaplan@debian.org>
  Luiz Portella <lfpor@lujz.org>
  Mallikarjuna <Mallikarjunasj@gmail.com>
  Mert Dirik <mertdirik@gmail.com>
  Milo Casagrande <milo@ubuntu.com>
  Ming Hua <minghua@ubuntu.com>
  Miroslav Kure <kurem@debian.cz>
  Mouhamadou Mamoune Mbacke <mouhamadoumamoune@gmail.com>
  Nabin Gautam <nabin@mpp.org.np>
  Ossama M. Khayat <okhayat@yahoo.com>
  Ovidiu Damian <deelerious@gmail.com>
  Parlin Imanuel Toh <parlin_i@yahoo.com>
  Pavel Piatruk <berserker@neolocation.com>
  Piarres Beobide <pi@beobide.net>
  Praveen|പ്രവീണ്‍ A|എ <pravi.a@gmail.com>
  Rūdolfs Mazurs <rudolfs.mazurs@gmail.com>
  Sahran <Sahran.ug@gmail.com>
  Sampada Nakhare <sampadanakhare@gmail.com>
  Setyo Nugroho <setyo@gmx.net>
  Simão Pedro Cardoso <pthell@gmail.com>
  Stefano Melchior <stefano.melchior@openlabs.it>
  Sunjae Park <darehanl@gmail.com>
  Sveinn í Felli <sveinki@nett.is>
  Tetralet <tetralet@gmail.com>
  Theppitak Karoonboonyanan <thep@linux.thai.net>
  Tshewang Norbu <bumthap2006@hotmail.com>
  Vahid Ghaderi <vahid_male1384@yahoo.com>
  Vanja Cvelbar <cvelbar@gmail.com>
  Veeven <veeven@gmail.com>
  Vikram Vincent <vincentvikram@gmail.com>
  Yoppy Hidayanto <yoppy.hidayanto@gmail.com>
