- |
  Binary redistribution (Realtek permissive)
  Binary redistribution (Realtek restrictive)
- intel AND other-permissive AND proprietary-license AND unknown
- |
  2010-2013, Realtek Semiconductor Corporation
  2009-2010, Realtek Semiconductor Corporation
