[
  {
    "type": "pypi",
    "namespace": null,
    "name": null,
    "version": "1.0.0",
    "qualifiers": {},
    "subpath": null,
    "primary_language": "Python",
    "description": "A sample package",
    "release_date": null,
    "parties": [
      {
        "type": "person",
        "role": "author",
        "name": "Test",
        "email": "test@gmail.com",
        "url": null
      }
    ],
    "keywords": [],
    "homepage_url": null,
    "package_releases": [],
    "download_url": null,
    "size": null,
    "sha1": null,
    "md5": null,
    "sha256": null,
    "sha512": null,
    "bug_tracking_url": null,
    "code_view_url": null,
    "vcs_url": null,
    "copyright": null,
    "license_expression": null,
    "declared_license": {},
    "notice_text": null,
    "source_packages": [],
    "file_references": [],
    "extra_data": {},
    "dependencies": [],
    "repository_homepage_url": null,
    "repository_download_url": null,
    "api_data_url": null,
    "datasource_id": "pypi_setup_py",
    "purl": null
  }
]