declared_license:
declared_license_expression: mit-old-style-no-advert
declared_license_expression_spdx: NTP
other_license_expression:
other_license_expression_spdx:
license_detections:
  - license_expression: mit-old-style-no-advert
    license_expression_spdx: NTP
    matches:
      - license_expression: mit-old-style-no-advert
        license_expression_spdx: NTP
        from_file:
        start_line: 15
        end_line: 25
        matcher: 2-aho
        score: '100.0'
        matched_length: 112
        match_coverage: '100.0'
        rule_relevance: 100
        rule_identifier: mit-old-style-no-advert_5.RULE
        rule_url: https://github.com/nexB/scancode-toolkit/tree/develop/src/licensedcode/data/rules/mit-old-style-no-advert_5.RULE
        matched_text: |
          Permission to use, copy, modify, and distribute this software
          and its documentation for any purpose and without fee is
          hereby granted, provided that the above copyright notice
          appear in all copies and that both that copyright notice and
          this permission notice appear in supporting documentation,
          and that the names of M.I.T. and the M.I.T. S.I.P.B. not be
          used in advertising or publicity pertaining to distribution
          of the software without specific, written prior permission.
          M.I.T. and the M.I.T. S.I.P.B. make no representations about
          the suitability of this software for any purpose.  It is
          provided "as is" without express or implied warranty.
    identifier: mit_old_style_no_advert-469d538d-4ad7-8c01-b220-6112c9d2d714
other_license_detections: []
copyright: Copyright 1987, 1988 by the Student Information Processing Board of the Massachusetts
  Institute of Technology
