- GPL-3+
- gpl-3.0-plus AND lgpl-2.0-plus AND unknown
- Â© 2015-2017 Guilhem Moulin <guilhem@fripost.org>
