- |
  GPL-2+ and LGPL-2.1+
  LGPL-2.1+
  LGPL-2.1+
  GPL-2+
  GPL-2+ and LGPL-2.1+
  LGPL-2.1+
  LGPL-2.1+
  LGPL-2.1+
  LGPL-2.1+
  LGPL-2.1+
  GPL-2+
  LGPL-2.1+
- gpl-2.0-plus AND lgpl-2.0-plus AND lgpl-2.1 AND lgpl-2.1-plus AND unknown
- |
  2012-2018, Matthias Klumpp <matthias@tenstral.net>
  Richard Hughes <richard@hughsie.com>
  2012-2018, Matthias Klumpp <matthias@tenstral.net>
  2016-2018, Aleix Pol Gonzalez <aleixpol@kde.org>
  2014-2018, Matthias Klumpp <matthias@tenstral.net>
  2014, Sune Vuorela <sune@vuorela.dk>
  2012-2018, Matthias Klumpp <matthias@tenstral.net>
  2014-2016, Matthias Klumpp <mak@debian.org>
  2017, Jan Grulich <jgrulich@redhat.com>
  2016, Matthias Klumpp <matthias@tenstral.net>
  2014-2016, Richard Hughes <richard@hughsie.com>
  2012-2017, Matthias Klumpp <matthias@tenstral.net>
  2016, Richard Hughes <richard@hughsie.com>
  2014-2016, Matthias Klumpp <matthias@tenstral.net>
  2014, Richard Hughes <richard@hughsie.com>
  2017, Matthias Klumpp <matthias@tenstral.net>
  2016, Lucas Moura <lucas.moura128@gmail.com>
