[
  {
    "type": "pypi",
    "namespace": null,
    "name": null,
    "version": null,
    "qualifiers": {},
    "subpath": null,
    "primary_language": "Python",
    "description": null,
    "release_date": null,
    "parties": [],
    "keywords": [],
    "homepage_url": null,
    "download_url": null,
    "size": null,
    "sha1": null,
    "md5": null,
    "sha256": null,
    "sha512": null,
    "bug_tracking_url": null,
    "code_view_url": null,
    "vcs_url": null,
    "copyright": null,
    "license_expression": null,
    "declared_license": null,
    "notice_text": null,
    "contains_source_code": null,
    "source_packages": [],
    "extra_data": {},
    "dependencies": [
      {
        "purl": "pkg:pypi/req@1.0",
        "extracted_requirement": "==1.0",
        "scope": "install",
        "is_runtime": true,
        "is_optional": false,
        "is_resolved": true,
        "resolved_package": {}
      }
    ],
    "purl": null,
    "repository_homepage_url": null,
    "repository_download_url": null,
    "api_data_url": null
  }
]