{
  "license_detections": [
    {
      "identifier": "wtfpl_2_0_and_mit-e5642b07-705c-9730-80ab-f5ed0565be28",
      "license_expression": "wtfpl-2.0 AND mit",
      "license_expression_spdx": "WTFPL AND MIT",
      "detection_count": 1,
      "detection_log": [
        "unknown-intro-followed-by-match"
      ],
      "reference_matches": [
        {
          "license_expression": "unknown-license-reference",
          "license_expression_spdx": "LicenseRef-scancode-unknown-license-reference",
          "from_file": "scan-unknown-intro-dual-license/README.md",
          "start_line": 43,
          "end_line": 43,
          "matcher": "2-aho",
          "score": 100.0,
          "matched_length": 3,
          "match_coverage": 100.0,
          "rule_relevance": 100,
          "rule_identifier": "lead-in_unknown_30.RULE",
          "rule_url": "https://github.com/nexB/scancode-toolkit/tree/develop/src/licensedcode/data/rules/lead-in_unknown_30.RULE",
          "matched_text": "All code, unless stated otherwise, is dual-licensed under [`WTFPL`](http://www.wtfpl.net/txt/copying/) and [`MIT`](https://opensource.org/licenses/MIT).",
          "matched_text_diagnostics": "dual-licensed under [`"
        },
        {
          "license_expression": "wtfpl-2.0",
          "license_expression_spdx": "WTFPL",
          "from_file": "scan-unknown-intro-dual-license/README.md",
          "start_line": 43,
          "end_line": 43,
          "matcher": "2-aho",
          "score": 50.0,
          "matched_length": 1,
          "match_coverage": 100.0,
          "rule_relevance": 50,
          "rule_identifier": "spdx_license_id_wtfpl_for_wtfpl-2.0.RULE",
          "rule_url": "https://github.com/nexB/scancode-toolkit/tree/develop/src/licensedcode/data/rules/spdx_license_id_wtfpl_for_wtfpl-2.0.RULE",
          "matched_text": "All code, unless stated otherwise, is dual-licensed under [`WTFPL`](http://www.wtfpl.net/txt/copying/) and [`MIT`](https://opensource.org/licenses/MIT).",
          "matched_text_diagnostics": "WTFPL`]("
        },
        {
          "license_expression": "wtfpl-2.0",
          "license_expression_spdx": "WTFPL",
          "from_file": "scan-unknown-intro-dual-license/README.md",
          "start_line": 43,
          "end_line": 43,
          "matcher": "2-aho",
          "score": 100.0,
          "matched_length": 3,
          "match_coverage": 100.0,
          "rule_relevance": 100,
          "rule_identifier": "wtfpl-2.0_27.RULE",
          "rule_url": "https://github.com/nexB/scancode-toolkit/tree/develop/src/licensedcode/data/rules/wtfpl-2.0_27.RULE",
          "matched_text": "All code, unless stated otherwise, is dual-licensed under [`WTFPL`](http://www.wtfpl.net/txt/copying/) and [`MIT`](https://opensource.org/licenses/MIT).",
          "matched_text_diagnostics": "www.wtfpl.net/"
        },
        {
          "license_expression": "mit",
          "license_expression_spdx": "MIT",
          "from_file": "scan-unknown-intro-dual-license/README.md",
          "start_line": 43,
          "end_line": 43,
          "matcher": "2-aho",
          "score": 100.0,
          "matched_length": 6,
          "match_coverage": 100.0,
          "rule_relevance": 100,
          "rule_identifier": "mit_64.RULE",
          "rule_url": "https://github.com/nexB/scancode-toolkit/tree/develop/src/licensedcode/data/rules/mit_64.RULE",
          "matched_text": "All code, unless stated otherwise, is dual-licensed under [`WTFPL`](http://www.wtfpl.net/txt/copying/) and [`MIT`](https://opensource.org/licenses/MIT).",
          "matched_text_diagnostics": "MIT`](https://opensource.org/licenses/MIT)."
        }
      ]
    }
  ],
  "files": [
    {
      "path": "README.md",
      "type": "file",
      "detected_license_expression": "wtfpl-2.0 AND mit",
      "detected_license_expression_spdx": "WTFPL AND MIT",
      "license_detections": [
        {
          "license_expression": "wtfpl-2.0 AND mit",
          "license_expression_spdx": "WTFPL AND MIT",
          "matches": [
            {
              "license_expression": "unknown-license-reference",
              "license_expression_spdx": "LicenseRef-scancode-unknown-license-reference",
              "from_file": "scan-unknown-intro-dual-license/README.md",
              "start_line": 43,
              "end_line": 43,
              "matcher": "2-aho",
              "score": 100.0,
              "matched_length": 3,
              "match_coverage": 100.0,
              "rule_relevance": 100,
              "rule_identifier": "lead-in_unknown_30.RULE",
              "rule_url": "https://github.com/nexB/scancode-toolkit/tree/develop/src/licensedcode/data/rules/lead-in_unknown_30.RULE",
              "matched_text": "All code, unless stated otherwise, is dual-licensed under [`WTFPL`](http://www.wtfpl.net/txt/copying/) and [`MIT`](https://opensource.org/licenses/MIT).",
              "matched_text_diagnostics": "dual-licensed under [`"
            },
            {
              "license_expression": "wtfpl-2.0",
              "license_expression_spdx": "WTFPL",
              "from_file": "scan-unknown-intro-dual-license/README.md",
              "start_line": 43,
              "end_line": 43,
              "matcher": "2-aho",
              "score": 50.0,
              "matched_length": 1,
              "match_coverage": 100.0,
              "rule_relevance": 50,
              "rule_identifier": "spdx_license_id_wtfpl_for_wtfpl-2.0.RULE",
              "rule_url": "https://github.com/nexB/scancode-toolkit/tree/develop/src/licensedcode/data/rules/spdx_license_id_wtfpl_for_wtfpl-2.0.RULE",
              "matched_text": "All code, unless stated otherwise, is dual-licensed under [`WTFPL`](http://www.wtfpl.net/txt/copying/) and [`MIT`](https://opensource.org/licenses/MIT).",
              "matched_text_diagnostics": "WTFPL`]("
            },
            {
              "license_expression": "wtfpl-2.0",
              "license_expression_spdx": "WTFPL",
              "from_file": "scan-unknown-intro-dual-license/README.md",
              "start_line": 43,
              "end_line": 43,
              "matcher": "2-aho",
              "score": 100.0,
              "matched_length": 3,
              "match_coverage": 100.0,
              "rule_relevance": 100,
              "rule_identifier": "wtfpl-2.0_27.RULE",
              "rule_url": "https://github.com/nexB/scancode-toolkit/tree/develop/src/licensedcode/data/rules/wtfpl-2.0_27.RULE",
              "matched_text": "All code, unless stated otherwise, is dual-licensed under [`WTFPL`](http://www.wtfpl.net/txt/copying/) and [`MIT`](https://opensource.org/licenses/MIT).",
              "matched_text_diagnostics": "www.wtfpl.net/"
            },
            {
              "license_expression": "mit",
              "license_expression_spdx": "MIT",
              "from_file": "scan-unknown-intro-dual-license/README.md",
              "start_line": 43,
              "end_line": 43,
              "matcher": "2-aho",
              "score": 100.0,
              "matched_length": 6,
              "match_coverage": 100.0,
              "rule_relevance": 100,
              "rule_identifier": "mit_64.RULE",
              "rule_url": "https://github.com/nexB/scancode-toolkit/tree/develop/src/licensedcode/data/rules/mit_64.RULE",
              "matched_text": "All code, unless stated otherwise, is dual-licensed under [`WTFPL`](http://www.wtfpl.net/txt/copying/) and [`MIT`](https://opensource.org/licenses/MIT).",
              "matched_text_diagnostics": "MIT`](https://opensource.org/licenses/MIT)."
            }
          ],
          "detection_log": [
            "unknown-intro-followed-by-match"
          ],
          "identifier": "wtfpl_2_0_and_mit-e5642b07-705c-9730-80ab-f5ed0565be28"
        }
      ],
      "license_clues": [],
      "percentage_of_license_text": 8.18,
      "scan_errors": []
    }
  ]
}