{
  "type": "npm",
  "namespace": null,
  "name": "casesensitivepathswebpackpluginDemo",
  "version": "0.0.1",
  "qualifiers": {},
  "subpath": null,
  "primary_language": "JavaScript",
  "description": "just a simple demo for showing config and how to E2E test",
  "release_date": null,
  "parties": [
    {
      "type": "person",
      "role": "author",
      "name": "Urthen & XML",
      "email": null,
      "url": null
    }
  ],
  "keywords": [],
  "homepage_url": null,
  "download_url": "https://registry.npmjs.org/casesensitivepathswebpackpluginDemo/-/casesensitivepathswebpackpluginDemo-0.0.1.tgz",
  "size": null,
  "sha1": null,
  "md5": null,
  "sha256": null,
  "sha512": null,
  "bug_tracking_url": null,
  "code_view_url": null,
  "vcs_url": null,
  "copyright": null,
  "license_expression": "mit",
  "declared_license": [
    "MIT"
  ],
  "notice_text": null,
  "root_path": null,
  "dependencies": [
    {
      "purl": "pkg:npm/babel-polyfill",
      "requirement": "^6.7.4",
      "scope": "dependencies",
      "is_runtime": true,
      "is_optional": false,
      "is_resolved": false
    },
    {
      "purl": "pkg:npm/babel-runtime",
      "requirement": "^6.6.1",
      "scope": "dependencies",
      "is_runtime": true,
      "is_optional": false,
      "is_resolved": false
    },
    {
      "purl": "pkg:npm/react",
      "requirement": "^15.0.0",
      "scope": "dependencies",
      "is_runtime": true,
      "is_optional": false,
      "is_resolved": false
    },
    {
      "purl": "pkg:npm/react-dom",
      "requirement": "^15.0.0",
      "scope": "dependencies",
      "is_runtime": true,
      "is_optional": false,
      "is_resolved": false
    },
    {
      "purl": "pkg:npm/babel-core",
      "requirement": "^6.0.0",
      "scope": "devDependencies",
      "is_runtime": false,
      "is_optional": true,
      "is_resolved": false
    },
    {
      "purl": "pkg:npm/babel-eslint",
      "requirement": "^6.0.0",
      "scope": "devDependencies",
      "is_runtime": false,
      "is_optional": true,
      "is_resolved": false
    },
    {
      "purl": "pkg:npm/babel-loader",
      "requirement": "^6.0.0",
      "scope": "devDependencies",
      "is_runtime": false,
      "is_optional": true,
      "is_resolved": false
    },
    {
      "purl": "pkg:npm/babel-plugin-transform-decorators-legacy",
      "requirement": "^1.3.4",
      "scope": "devDependencies",
      "is_runtime": false,
      "is_optional": true,
      "is_resolved": false
    },
    {
      "purl": "pkg:npm/babel-plugin-transform-runtime",
      "requirement": "^6.6.0",
      "scope": "devDependencies",
      "is_runtime": false,
      "is_optional": true,
      "is_resolved": false
    },
    {
      "purl": "pkg:npm/babel-preset-es2015",
      "requirement": "^6.0.0",
      "scope": "devDependencies",
      "is_runtime": false,
      "is_optional": true,
      "is_resolved": false
    },
    {
      "purl": "pkg:npm/babel-preset-react",
      "requirement": "^6.0.0",
      "scope": "devDependencies",
      "is_runtime": false,
      "is_optional": true,
      "is_resolved": false
    },
    {
      "purl": "pkg:npm/babel-preset-stage-0",
      "requirement": "^6.0.0",
      "scope": "devDependencies",
      "is_runtime": false,
      "is_optional": true,
      "is_resolved": false
    },
    {
      "purl": "pkg:npm/html-webpack-plugin",
      "requirement": "^1.6.1",
      "scope": "devDependencies",
      "is_runtime": false,
      "is_optional": true,
      "is_resolved": false
    },
    {
      "purl": "pkg:npm/jasmine",
      "requirement": "^2.3.2",
      "scope": "devDependencies",
      "is_runtime": false,
      "is_optional": true,
      "is_resolved": false
    },
    {
      "purl": "pkg:npm/jasmine-core",
      "requirement": "^2.3.4",
      "scope": "devDependencies",
      "is_runtime": false,
      "is_optional": true,
      "is_resolved": false
    },
    {
      "purl": "pkg:npm/karma",
      "requirement": "^0.13.9",
      "scope": "devDependencies",
      "is_runtime": false,
      "is_optional": true,
      "is_resolved": false
    },
    {
      "purl": "pkg:npm/karma-chrome-launcher",
      "requirement": "^0.2.0",
      "scope": "devDependencies",
      "is_runtime": false,
      "is_optional": true,
      "is_resolved": false
    },
    {
      "purl": "pkg:npm/karma-cli",
      "requirement": "^0.1.0",
      "scope": "devDependencies",
      "is_runtime": false,
      "is_optional": true,
      "is_resolved": false
    },
    {
      "purl": "pkg:npm/karma-coverage",
      "requirement": "^0.5.2",
      "scope": "devDependencies",
      "is_runtime": false,
      "is_optional": true,
      "is_resolved": false
    },
    {
      "purl": "pkg:npm/karma-jasmine",
      "requirement": "^0.3.6",
      "scope": "devDependencies",
      "is_runtime": false,
      "is_optional": true,
      "is_resolved": false
    },
    {
      "purl": "pkg:npm/karma-phantomjs-launcher",
      "requirement": "^0.2.1",
      "scope": "devDependencies",
      "is_runtime": false,
      "is_optional": true,
      "is_resolved": false
    },
    {
      "purl": "pkg:npm/karma-sourcemap-loader",
      "requirement": "^0.3.5",
      "scope": "devDependencies",
      "is_runtime": false,
      "is_optional": true,
      "is_resolved": false
    },
    {
      "purl": "pkg:npm/karma-webpack",
      "requirement": "^1.7.0",
      "scope": "devDependencies",
      "is_runtime": false,
      "is_optional": true,
      "is_resolved": false
    },
    {
      "purl": "pkg:npm/phantomjs",
      "requirement": "^1.9.19",
      "scope": "devDependencies",
      "is_runtime": false,
      "is_optional": true,
      "is_resolved": false
    },
    {
      "purl": "pkg:npm/phantomjs-polyfill",
      "requirement": "0.0.2",
      "scope": "devDependencies",
      "is_runtime": false,
      "is_optional": true,
      "is_resolved": false
    },
    {
      "purl": "pkg:npm/react-addons-test-utils",
      "requirement": "^0.14.8",
      "scope": "devDependencies",
      "is_runtime": false,
      "is_optional": true,
      "is_resolved": false
    },
    {
      "purl": "pkg:npm/react-hot-loader",
      "requirement": "^1.3.0",
      "scope": "devDependencies",
      "is_runtime": false,
      "is_optional": true,
      "is_resolved": false
    },
    {
      "purl": "pkg:npm/webpack",
      "requirement": "~1.12.0",
      "scope": "devDependencies",
      "is_runtime": false,
      "is_optional": true,
      "is_resolved": false
    },
    {
      "purl": "pkg:npm/webpack-dev-server",
      "requirement": "~1.14.1",
      "scope": "devDependencies",
      "is_runtime": false,
      "is_optional": true,
      "is_resolved": false
    }
  ],
  "contains_source_code": null,
  "source_packages": [],
  "purl": "pkg:npm/casesensitivepathswebpackpluginDemo@0.0.1",
  "repository_homepage_url": "https://www.npmjs.com/package/casesensitivepathswebpackpluginDemo",
  "repository_download_url": "https://registry.npmjs.org/casesensitivepathswebpackpluginDemo/-/casesensitivepathswebpackpluginDemo-0.0.1.tgz",
  "api_data_url": "https://registry.npmjs.org/casesensitivepathswebpackpluginDemo/0.0.1"
}