[
  "/usr/src/debug/ImageMagick-6.7.5-6/filters/analyze.c"
]