[
  {
    "type": "cocoapods",
    "namespace": null,
    "name": "flutter_paytabs_bridge",
    "version": "2.2.5",
    "qualifiers": {},
    "subpath": null,
    "primary_language": "Objective-C",
    "description": "A new flutter plugin project.",
    "release_date": null,
    "parties": [
      {
        "type": "person",
        "role": "author",
        "name": "Your Company ",
        "email": "email@example.com",
        "url": null
      }
    ],
    "keywords": [],
    "homepage_url": "http://example.com",
    "download_url": null,
    "size": null,
    "sha1": null,
    "md5": null,
    "sha256": null,
    "sha512": null,
    "bug_tracking_url": "./issues/",
    "code_view_url": "./tree/2.2.5",
    "vcs_url": ".",
    "copyright": null,
    "holder": null,
    "declared_license_expression": "unknown-license-reference",
    "declared_license_expression_spdx": "LicenseRef-scancode-unknown-license-reference",
    "license_detections": [
      {
        "license_expression": "unknown-license-reference",
        "license_expression_spdx": "LicenseRef-scancode-unknown-license-reference",
        "matches": [
          {
            "license_expression": "unknown-license-reference",
            "spdx_license_expression": "LicenseRef-scancode-unknown-license-reference",
            "from_file": null,
            "start_line": 1,
            "end_line": 1,
            "matcher": "1-hash",
            "score": 100.0,
            "matched_length": 3,
            "match_coverage": 100.0,
            "rule_relevance": 100,
            "rule_identifier": "unknown-license-reference_see_license_at_manifest_1.RULE",
            "rule_url": "https://github.com/nexB/scancode-toolkit/tree/develop/src/licensedcode/data/rules/unknown-license-reference_see_license_at_manifest_1.RULE",
            "matched_text": "license :file = ../LICENSE"
          }
        ],
        "identifier": "unknown_license_reference-6b24f327-22b1-723e-10f9-37a8bc8b3c70"
      }
    ],
    "other_license_expression": null,
    "other_license_expression_spdx": null,
    "other_license_detections": [],
    "extracted_license_statement": ":file = ../LICENSE",
    "notice_text": null,
    "source_packages": [],
    "file_references": [],
    "is_private": false,
    "is_virtual": false,
    "extra_data": {},
    "dependencies": [],
    "repository_homepage_url": "https://cocoapods.org/pods/flutter_paytabs_bridge",
    "repository_download_url": "./archive/refs/tags/2.2.5.zip",
    "api_data_url": "https://raw.githubusercontent.com/CocoaPods/Specs/blob/master/Specs/5/1/4/flutter_paytabs_bridge/2.2.5/flutter_paytabs_bridge.podspec.json",
    "datasource_id": "cocoapods_podspec",
    "purl": "pkg:cocoapods/flutter_paytabs_bridge@2.2.5"
  }
]