[
  {
    "type": "cocoapods",
    "namespace": null,
    "name": "Starscream",
    "version": "4.0.3",
    "qualifiers": {},
    "subpath": null,
    "primary_language": "Objective-C",
    "description": "A conforming WebSocket RFC 6455 client library in Swift.",
    "release_date": null,
    "parties": [
      {
        "type": "person",
        "role": "author",
        "name": "Dalton Cherry ",
        "email": "http://daltoniam.com",
        "url": null
      },
      {
        "type": "person",
        "role": "author",
        "name": " Austin Cherry ",
        "email": "http://austincherry.me",
        "url": null
      }
    ],
    "keywords": [],
    "homepage_url": "https://github.com/daltoniam/Starscream",
    "download_url": null,
    "size": null,
    "sha1": null,
    "md5": null,
    "sha256": null,
    "sha512": null,
    "bug_tracking_url": "https://github.com/daltoniam/Starscream/issues/",
    "code_view_url": "https://github.com/daltoniam/Starscream/tree/4.0.3",
    "vcs_url": "https://github.com/daltoniam/Starscream.git",
    "copyright": null,
    "holder": null,
    "declared_license_expression": "apache-2.0",
    "declared_license_expression_spdx": "Apache-2.0",
    "license_detections": [
      {
        "license_expression": "apache-2.0",
        "license_expression_spdx": "Apache-2.0",
        "matches": [
          {
            "license_expression": "apache-2.0",
            "spdx_license_expression": "Apache-2.0",
            "from_file": null,
            "start_line": 1,
            "end_line": 1,
            "matcher": "1-hash",
            "score": 100.0,
            "matched_length": 5,
            "match_coverage": 100.0,
            "rule_relevance": 100,
            "rule_identifier": "apache-2.0_48.RULE",
            "rule_url": "https://github.com/nexB/scancode-toolkit/tree/develop/src/licensedcode/data/rules/apache-2.0_48.RULE",
            "matched_text": "Apache License, Version 2.0"
          }
        ],
        "identifier": "apache_2_0-428c1364-ecb5-f806-7a2e-77d10737a7ce"
      }
    ],
    "other_license_expression": null,
    "other_license_expression_spdx": null,
    "other_license_detections": [],
    "extracted_license_statement": "Apache License, Version 2.0",
    "notice_text": null,
    "source_packages": [],
    "file_references": [],
    "is_private": false,
    "is_virtual": false,
    "extra_data": {},
    "dependencies": [],
    "repository_homepage_url": "https://cocoapods.org/pods/Starscream",
    "repository_download_url": "https://github.com/daltoniam/Starscream/archive/refs/tags/4.0.3.zip",
    "api_data_url": "https://raw.githubusercontent.com/CocoaPods/Specs/blob/master/Specs/2/2/f/Starscream/4.0.3/Starscream.podspec.json",
    "datasource_id": "cocoapods_podspec",
    "purl": "pkg:cocoapods/Starscream@4.0.3"
  }
]