[
  {
    "type": "windows-update",
    "namespace": null,
    "name": "Package_1_for_KB4601060",
    "version": "10.0.3770.4",
    "qualifiers": {},
    "subpath": null,
    "primary_language": null,
    "description": "Fix for KB4601060",
    "release_date": null,
    "parties": [
      {
        "type": "organization",
        "role": "owner",
        "name": "Microsoft Corporation",
        "email": null,
        "url": null
      }
    ],
    "keywords": [],
    "homepage_url": "http://support.microsoft.com/?kbid=4601060",
    "download_url": null,
    "size": null,
    "sha1": null,
    "md5": null,
    "sha256": null,
    "sha512": null,
    "bug_tracking_url": null,
    "code_view_url": null,
    "vcs_url": null,
    "copyright": "Microsoft Corporation",
    "holder": "Microsoft Corporation",
    "declared_license_expression": null,
    "declared_license_expression_spdx": null,
    "license_detections": [],
    "other_license_expression": null,
    "other_license_expression_spdx": null,
    "other_license_detections": [],
    "extracted_license_statement": null,
    "notice_text": null,
    "source_packages": [],
    "file_references": [],
    "is_private": false,
    "is_virtual": false,
    "extra_data": {},
    "dependencies": [],
    "repository_homepage_url": null,
    "repository_download_url": null,
    "api_data_url": null,
    "datasource_id": "microsoft_update_manifest_mum",
    "purl": "pkg:windows-update/Package_1_for_KB4601060@10.0.3770.4"
  }
]