declared_license:
declared_license_expression: pcre AND bsd-new AND bsd-new
declared_license_expression_spdx: LicenseRef-scancode-pcre AND BSD-3-Clause AND BSD-3-Clause
other_license_expression:
other_license_expression_spdx:
license_detections:
  - license_expression: pcre
    license_expression_spdx: LicenseRef-scancode-pcre
    matches:
      - license_expression: pcre
        license_expression_spdx: LicenseRef-scancode-pcre
        from_file:
        start_line: 7
        end_line: 7
        matcher: 2-aho
        score: '100.0'
        matched_length: 2
        match_coverage: '100.0'
        rule_relevance: 100
        rule_identifier: pcre_4.RULE
        rule_url: https://github.com/nexB/scancode-toolkit/tree/develop/src/licensedcode/data/rules/pcre_4.RULE
        matched_text: PCRE LICENCE
    identifier: pcre-b7d0af79-af3f-24dc-6a31-2df791031f14
  - license_expression: bsd-new
    license_expression_spdx: BSD-3-Clause
    matches:
      - license_expression: bsd-new
        license_expression_spdx: BSD-3-Clause
        from_file:
        start_line: 13
        end_line: 15
        matcher: 2-aho
        score: '100.0'
        matched_length: 32
        match_coverage: '100.0'
        rule_relevance: 100
        rule_identifier: bsd-new_645.RULE
        rule_url: https://github.com/nexB/scancode-toolkit/tree/develop/src/licensedcode/data/rules/bsd-new_645.RULE
        matched_text: |
          PCRE is distributed under the terms of the "BSD" licence, as
          specified below. The documentation for PCRE, supplied in the "doc"
          directory, is distributed under the same terms as the software itself.
    identifier: bsd_new-b0c1a29e-cb77-763e-cf87-1a54fced2cf1
  - license_expression: bsd-new
    license_expression_spdx: BSD-3-Clause
    matches:
      - license_expression: bsd-new
        license_expression_spdx: BSD-3-Clause
        from_file:
        start_line: 44
        end_line: 72
        matcher: 2-aho
        score: '100.0'
        matched_length: 223
        match_coverage: '100.0'
        rule_relevance: 100
        rule_identifier: bsd-new_1105.RULE
        rule_url: https://github.com/nexB/scancode-toolkit/tree/develop/src/licensedcode/data/rules/bsd-new_1105.RULE
        matched_text: |
          THE "BSD" LICENCE
          -----------------

          Redistribution and use in source and binary forms, with or without
          modification, are permitted provided that the following conditions are met:

              * Redistributions of source code must retain the above copyright notice,
                this list of conditions and the following disclaimer.

              * Redistributions in binary form must reproduce the above copyright
                notice, this list of conditions and the following disclaimer in the
                documentation and/or other materials provided with the distribution.

              * Neither the name of the University of Cambridge nor the name of Google
                Inc. nor the names of their contributors may be used to endorse or
                promote products derived from this software without specific prior
                written permission.

          THIS SOFTWARE IS PROVIDED BY THE COPYRIGHT HOLDERS AND CONTRIBUTORS "AS IS"
          AND ANY EXPRESS OR IMPLIED WARRANTIES, INCLUDING, BUT NOT LIMITED TO, THE
          IMPLIED WARRANTIES OF MERCHANTABILITY AND FITNESS FOR A PARTICULAR PURPOSE
          ARE DISCLAIMED. IN NO EVENT SHALL THE COPYRIGHT OWNER OR CONTRIBUTORS BE
          LIABLE FOR ANY DIRECT, INDIRECT, INCIDENTAL, SPECIAL, EXEMPLARY, OR
          CONSEQUENTIAL DAMAGES (INCLUDING, BUT NOT LIMITED TO, PROCUREMENT OF
          SUBSTITUTE GOODS OR SERVICES; LOSS OF USE, DATA, OR PROFITS; OR BUSINESS
          INTERRUPTION) HOWEVER CAUSED AND ON ANY THEORY OF LIABILITY, WHETHER IN
          CONTRACT, STRICT LIABILITY, OR TORT (INCLUDING NEGLIGENCE OR OTHERWISE)
          ARISING IN ANY WAY OUT OF THE USE OF THIS SOFTWARE, EVEN IF ADVISED OF THE
          POSSIBILITY OF SUCH DAMAGE.
    identifier: bsd_new-09288105-f301-c017-7c51-130122beb323
other_license_detections: []
copyright: |
  Copyright (c) 1997-2007 University of Cambridge
  Copyright (c) 2007, Google Inc.
