[
  {
    "type": "pypi",
    "namespace": null,
    "name": null,
    "version": null,
    "qualifiers": {},
    "subpath": null,
    "primary_language": "Python",
    "description": null,
    "release_date": null,
    "parties": [],
    "keywords": [],
    "homepage_url": null,
    "download_url": null,
    "size": null,
    "sha1": null,
    "md5": null,
    "sha256": null,
    "sha512": null,
    "bug_tracking_url": null,
    "code_view_url": null,
    "vcs_url": null,
    "copyright": null,
    "holder": null,
    "declared_license_expression": null,
    "declared_license_expression_spdx": null,
    "license_detections": [],
    "other_license_expression": null,
    "other_license_expression_spdx": null,
    "other_license_detections": [],
    "extracted_license_statement": null,
    "notice_text": null,
    "source_packages": [],
    "file_references": [],
    "is_private": false,
    "is_virtual": false,
    "extra_data": {},
    "dependencies": [
      {
        "purl": null,
        "extracted_requirement": "http://pypi.python.org/packages/source/p/pytz/pytz-2016.4.tar.gz#md5=a3316cf3842ed0375ba5931914239d97",
        "scope": "install",
        "is_runtime": true,
        "is_optional": false,
        "is_resolved": false,
        "is_direct": true,
        "resolved_package": {},
        "extra_data": {
          "is_editable": false,
          "link": "http://pypi.python.org/packages/source/p/pytz/pytz-2016.4.tar.gz#md5=a3316cf3842ed0375ba5931914239d97",
          "hash_options": [],
          "is_constraint": false,
          "is_archive": false,
          "is_wheel": null,
          "is_url": true,
          "is_vcs_url": false,
          "is_name_at_url": false,
          "is_local_path": true
        }
      },
      {
        "purl": "pkg:pypi/flask",
        "extracted_requirement": "http://pypi.python.org/packages/source/f/flask/Flask-0.11.1.tar.gz#sha256=1212aaf123911123babc024abaa&egg=Flask",
        "scope": "install",
        "is_runtime": true,
        "is_optional": false,
        "is_resolved": false,
        "is_direct": true,
        "resolved_package": {},
        "extra_data": {
          "is_editable": false,
          "link": "http://pypi.python.org/packages/source/f/flask/Flask-0.11.1.tar.gz#sha256=1212aaf123911123babc024abaa&egg=Flask",
          "hash_options": [],
          "is_constraint": false,
          "is_archive": false,
          "is_wheel": false,
          "is_url": true,
          "is_vcs_url": false,
          "is_name_at_url": false,
          "is_local_path": true
        }
      }
    ],
    "repository_homepage_url": null,
    "repository_download_url": null,
    "api_data_url": null,
    "datasource_id": "pip_requirements",
    "purl": null
  }
]