{
  "packages": [
    {
      "type": "cocoapods",
      "namespace": null,
      "name": "nanopb",
      "version": "1.30905.0",
      "qualifiers": {},
      "subpath": null,
      "primary_language": "Objective-C",
      "description": "Protocol buffers with small code size.\nNanopb is a small code-size Protocol Buffers implementation\n                    in ansi C. It is especially suitable for use in\n                    microcontrollers, but fits any memory restricted system.",
      "release_date": null,
      "parties": [
        {
          "type": "person",
          "role": "author",
          "name": "Petteri Aimonen ",
          "email": "jpa@nanopb.mail.kapsi.fi",
          "url": null
        }
      ],
      "keywords": [],
      "homepage_url": "https://github.com/nanopb/nanopb",
      "download_url": null,
      "size": null,
      "sha1": null,
      "md5": null,
      "sha256": null,
      "sha512": null,
      "bug_tracking_url": "https://github.com/nanopb/nanopb/issues/",
      "code_view_url": "https://github.com/nanopb/nanopb/tree/1.30905.0",
      "vcs_url": "https://github.com/nanopb/nanopb.git",
      "copyright": null,
      "holder": null,
      "declared_license_expression": "zlib",
      "declared_license_expression_spdx": "Zlib",
      "license_detections": [
        {
          "license_expression": "zlib",
          "license_expression_spdx": "Zlib",
          "matches": [
            {
              "license_expression": "zlib",
              "spdx_license_expression": "Zlib",
              "from_file": "nanopb/nanopb.podspec",
              "start_line": 1,
              "end_line": 1,
              "matcher": "1-hash",
              "score": 100.0,
              "matched_length": 5,
              "match_coverage": 100.0,
              "rule_relevance": 100,
              "rule_identifier": "zlib_in_manifest.RULE",
              "rule_url": "https://github.com/nexB/scancode-toolkit/tree/develop/src/licensedcode/data/rules/zlib_in_manifest.RULE",
              "matched_text": ":type = zlib, :file = LICENSE.txt"
            }
          ],
          "identifier": "zlib-3777cd8f-b515-8132-88be-cec12676bbaf"
        }
      ],
      "other_license_expression": null,
      "other_license_expression_spdx": null,
      "other_license_detections": [],
      "extracted_license_statement": ":type = zlib, :file = LICENSE.txt",
      "notice_text": null,
      "source_packages": [],
      "is_private": false,
      "is_virtual": false,
      "extra_data": {},
      "repository_homepage_url": "https://cocoapods.org/pods/nanopb",
      "repository_download_url": "https://github.com/nanopb/nanopb/archive/refs/tags/1.30905.0.zip",
      "api_data_url": "https://raw.githubusercontent.com/CocoaPods/Specs/blob/master/Specs/6/1/e/nanopb/1.30905.0/nanopb.podspec.json",
      "package_uid": "pkg:cocoapods/nanopb@1.30905.0?uuid=fixed-uid-done-for-testing-5642512d1758",
      "datafile_paths": [
        "nanopb.podspec"
      ],
      "datasource_ids": [
        "cocoapods_podspec"
      ],
      "purl": "pkg:cocoapods/nanopb@1.30905.0"
    }
  ],
  "dependencies": [],
  "files": [
    {
      "path": "LICENSE.txt",
      "type": "file",
      "package_data": [],
      "for_packages": [],
      "scan_errors": []
    },
    {
      "path": "nanopb.podspec",
      "type": "file",
      "package_data": [
        {
          "type": "cocoapods",
          "namespace": null,
          "name": "nanopb",
          "version": "1.30905.0",
          "qualifiers": {},
          "subpath": null,
          "primary_language": "Objective-C",
          "description": "Protocol buffers with small code size.\nNanopb is a small code-size Protocol Buffers implementation\n                    in ansi C. It is especially suitable for use in\n                    microcontrollers, but fits any memory restricted system.",
          "release_date": null,
          "parties": [
            {
              "type": "person",
              "role": "author",
              "name": "Petteri Aimonen ",
              "email": "jpa@nanopb.mail.kapsi.fi",
              "url": null
            }
          ],
          "keywords": [],
          "homepage_url": "https://github.com/nanopb/nanopb",
          "download_url": null,
          "size": null,
          "sha1": null,
          "md5": null,
          "sha256": null,
          "sha512": null,
          "bug_tracking_url": "https://github.com/nanopb/nanopb/issues/",
          "code_view_url": "https://github.com/nanopb/nanopb/tree/1.30905.0",
          "vcs_url": "https://github.com/nanopb/nanopb.git",
          "copyright": null,
          "holder": null,
          "declared_license_expression": "zlib",
          "declared_license_expression_spdx": "Zlib",
          "license_detections": [
            {
              "license_expression": "zlib",
              "license_expression_spdx": "Zlib",
              "matches": [
                {
                  "license_expression": "zlib",
                  "spdx_license_expression": "Zlib",
                  "from_file": "nanopb/nanopb.podspec",
                  "start_line": 1,
                  "end_line": 1,
                  "matcher": "1-hash",
                  "score": 100.0,
                  "matched_length": 5,
                  "match_coverage": 100.0,
                  "rule_relevance": 100,
                  "rule_identifier": "zlib_in_manifest.RULE",
                  "rule_url": "https://github.com/nexB/scancode-toolkit/tree/develop/src/licensedcode/data/rules/zlib_in_manifest.RULE",
                  "matched_text": ":type = zlib, :file = LICENSE.txt"
                }
              ],
              "identifier": "zlib-3777cd8f-b515-8132-88be-cec12676bbaf"
            }
          ],
          "other_license_expression": null,
          "other_license_expression_spdx": null,
          "other_license_detections": [],
          "extracted_license_statement": ":type = zlib, :file = LICENSE.txt",
          "notice_text": null,
          "source_packages": [],
          "file_references": [],
          "is_private": false,
          "is_virtual": false,
          "extra_data": {},
          "dependencies": [],
          "repository_homepage_url": "https://cocoapods.org/pods/nanopb",
          "repository_download_url": "https://github.com/nanopb/nanopb/archive/refs/tags/1.30905.0.zip",
          "api_data_url": "https://raw.githubusercontent.com/CocoaPods/Specs/blob/master/Specs/6/1/e/nanopb/1.30905.0/nanopb.podspec.json",
          "datasource_id": "cocoapods_podspec",
          "purl": "pkg:cocoapods/nanopb@1.30905.0"
        }
      ],
      "for_packages": [
        "pkg:cocoapods/nanopb@1.30905.0?uuid=fixed-uid-done-for-testing-5642512d1758"
      ],
      "scan_errors": []
    }
  ]
}