[
  {
    "type": "conan",
    "namespace": null,
    "name": "libgettext",
    "version": null,
    "qualifiers": {},
    "subpath": null,
    "primary_language": "C++",
    "description": "An internationalization and localization system for multilingual programs",
    "release_date": null,
    "parties": [],
    "keywords": [
      "gettext",
      "intl",
      "libintl",
      "i18n"
    ],
    "homepage_url": "https://www.gnu.org/software/gettext",
    "download_url": null,
    "size": null,
    "sha1": null,
    "md5": null,
    "sha256": null,
    "sha512": null,
    "bug_tracking_url": null,
    "code_view_url": null,
    "vcs_url": "https://github.com/conan-io/conan-center-index",
    "copyright": null,
    "holder": null,
    "declared_license_expression": "LGPL-2.1-or-later",
    "declared_license_expression_spdx": null,
    "license_detections": [],
    "other_license_expression": null,
    "other_license_expression_spdx": null,
    "other_license_detections": [],
    "extracted_license_statement": null,
    "notice_text": null,
    "source_packages": [],
    "file_references": [],
    "extra_data": {},
    "dependencies": [
      {
        "purl": "pkg:conan/libiconv",
        "extracted_requirement": "1.17",
        "scope": "install",
        "is_runtime": true,
        "is_optional": false,
        "is_resolved": true,
        "resolved_package": {},
        "extra_data": {}
      }
    ],
    "repository_homepage_url": null,
    "repository_download_url": null,
    "api_data_url": null,
    "datasource_id": "conan_conanfile_py",
    "purl": "pkg:conan/libgettext"
  }
]