{
  "packages": [
    {
      "type": "npm",
      "namespace": null,
      "name": "electron",
      "version": "3.1.11",
      "qualifiers": {},
      "subpath": null,
      "primary_language": "JavaScript",
      "description": "Build cross platform desktop apps with JavaScript, HTML, and CSS",
      "release_date": null,
      "parties": [
        {
          "type": "person",
          "role": "author",
          "name": "Electron Community",
          "email": null,
          "url": null
        }
      ],
      "keywords": [
        "electron"
      ],
      "homepage_url": null,
      "download_url": "https://registry.npmjs.org/electron/-/electron-3.1.11.tgz",
      "size": null,
      "sha1": null,
      "md5": null,
      "sha256": null,
      "sha512": null,
      "bug_tracking_url": null,
      "code_view_url": null,
      "vcs_url": "https://github.com/electron/electron",
      "copyright": null,
      "holder": null,
      "declared_license_expression": "mit",
      "declared_license_expression_spdx": "MIT",
      "license_detections": [
        {
          "license_expression": "mit",
          "license_expression_spdx": "MIT",
          "matches": [
            {
              "license_expression": "mit",
              "spdx_license_expression": "MIT",
              "from_file": "package/package.json",
              "start_line": 1,
              "end_line": 1,
              "matcher": "1-spdx-id",
              "score": 100.0,
              "matched_length": 1,
              "match_coverage": 100.0,
              "rule_relevance": 100,
              "rule_identifier": "spdx-license-identifier-mit-5da48780aba670b0860c46d899ed42a0f243ff06",
              "rule_url": null,
              "matched_text": "MIT"
            }
          ],
          "identifier": "mit-a822f434-d61f-f2b1-c792-8b8cb9e7b9bf"
        }
      ],
      "other_license_expression": null,
      "other_license_expression_spdx": null,
      "other_license_detections": [],
      "extracted_license_statement": "- MIT\n",
      "notice_text": null,
      "source_packages": [],
      "is_private": false,
      "is_virtual": false,
      "extra_data": {
        "engines": {
          "node": ">= 4.0"
        }
      },
      "repository_homepage_url": "https://www.npmjs.com/package/electron",
      "repository_download_url": "https://registry.npmjs.org/electron/-/electron-3.1.11.tgz",
      "api_data_url": "https://registry.npmjs.org/electron/3.1.11",
      "package_uid": "pkg:npm/electron@3.1.11?uuid=fixed-uid-done-for-testing-5642512d1758",
      "datafile_paths": [
        "package/package.json"
      ],
      "datasource_ids": [
        "npm_package_json"
      ],
      "purl": "pkg:npm/electron@3.1.11"
    }
  ],
  "dependencies": [
    {
      "purl": "pkg:npm/%40types/node",
      "extracted_requirement": "^8.0.24",
      "scope": "dependencies",
      "is_runtime": true,
      "is_optional": false,
      "is_resolved": false,
      "is_direct": true,
      "resolved_package": {},
      "extra_data": {},
      "dependency_uid": "pkg:npm/%40types/node?uuid=fixed-uid-done-for-testing-5642512d1758",
      "for_package_uid": "pkg:npm/electron@3.1.11?uuid=fixed-uid-done-for-testing-5642512d1758",
      "datafile_path": "package/package.json",
      "datasource_id": "npm_package_json"
    },
    {
      "purl": "pkg:npm/electron-download",
      "extracted_requirement": "^4.1.0",
      "scope": "dependencies",
      "is_runtime": true,
      "is_optional": false,
      "is_resolved": false,
      "is_direct": true,
      "resolved_package": {},
      "extra_data": {},
      "dependency_uid": "pkg:npm/electron-download?uuid=fixed-uid-done-for-testing-5642512d1758",
      "for_package_uid": "pkg:npm/electron@3.1.11?uuid=fixed-uid-done-for-testing-5642512d1758",
      "datafile_path": "package/package.json",
      "datasource_id": "npm_package_json"
    },
    {
      "purl": "pkg:npm/extract-zip",
      "extracted_requirement": "^1.0.3",
      "scope": "dependencies",
      "is_runtime": true,
      "is_optional": false,
      "is_resolved": false,
      "is_direct": true,
      "resolved_package": {},
      "extra_data": {},
      "dependency_uid": "pkg:npm/extract-zip?uuid=fixed-uid-done-for-testing-5642512d1758",
      "for_package_uid": "pkg:npm/electron@3.1.11?uuid=fixed-uid-done-for-testing-5642512d1758",
      "datafile_path": "package/package.json",
      "datasource_id": "npm_package_json"
    },
    {
      "purl": "pkg:npm/home-path",
      "extracted_requirement": "^0.1.1",
      "scope": "devDependencies",
      "is_runtime": false,
      "is_optional": true,
      "is_resolved": false,
      "is_direct": true,
      "resolved_package": {},
      "extra_data": {},
      "dependency_uid": "pkg:npm/home-path?uuid=fixed-uid-done-for-testing-5642512d1758",
      "for_package_uid": "pkg:npm/electron@3.1.11?uuid=fixed-uid-done-for-testing-5642512d1758",
      "datafile_path": "package/package.json",
      "datasource_id": "npm_package_json"
    },
    {
      "purl": "pkg:npm/path-exists",
      "extracted_requirement": "^2.0.0",
      "scope": "devDependencies",
      "is_runtime": false,
      "is_optional": true,
      "is_resolved": false,
      "is_direct": true,
      "resolved_package": {},
      "extra_data": {},
      "dependency_uid": "pkg:npm/path-exists?uuid=fixed-uid-done-for-testing-5642512d1758",
      "for_package_uid": "pkg:npm/electron@3.1.11?uuid=fixed-uid-done-for-testing-5642512d1758",
      "datafile_path": "package/package.json",
      "datasource_id": "npm_package_json"
    },
    {
      "purl": "pkg:npm/standard",
      "extracted_requirement": "^5.4.1",
      "scope": "devDependencies",
      "is_runtime": false,
      "is_optional": true,
      "is_resolved": false,
      "is_direct": true,
      "resolved_package": {},
      "extra_data": {},
      "dependency_uid": "pkg:npm/standard?uuid=fixed-uid-done-for-testing-5642512d1758",
      "for_package_uid": "pkg:npm/electron@3.1.11?uuid=fixed-uid-done-for-testing-5642512d1758",
      "datafile_path": "package/package.json",
      "datasource_id": "npm_package_json"
    }
  ],
  "files": [
    {
      "path": "package",
      "type": "directory",
      "package_data": [],
      "for_packages": [],
      "scan_errors": []
    },
    {
      "path": "package/cli.js",
      "type": "file",
      "package_data": [],
      "for_packages": [
        "pkg:npm/electron@3.1.11?uuid=fixed-uid-done-for-testing-5642512d1758"
      ],
      "scan_errors": []
    },
    {
      "path": "package/package.json",
      "type": "file",
      "package_data": [
        {
          "type": "npm",
          "namespace": null,
          "name": "electron",
          "version": "3.1.11",
          "qualifiers": {},
          "subpath": null,
          "primary_language": "JavaScript",
          "description": "Build cross platform desktop apps with JavaScript, HTML, and CSS",
          "release_date": null,
          "parties": [
            {
              "type": "person",
              "role": "author",
              "name": "Electron Community",
              "email": null,
              "url": null
            }
          ],
          "keywords": [
            "electron"
          ],
          "homepage_url": null,
          "download_url": "https://registry.npmjs.org/electron/-/electron-3.1.11.tgz",
          "size": null,
          "sha1": null,
          "md5": null,
          "sha256": null,
          "sha512": null,
          "bug_tracking_url": null,
          "code_view_url": null,
          "vcs_url": "https://github.com/electron/electron",
          "copyright": null,
          "holder": null,
          "declared_license_expression": "mit",
          "declared_license_expression_spdx": "MIT",
          "license_detections": [
            {
              "license_expression": "mit",
              "license_expression_spdx": "MIT",
              "matches": [
                {
                  "license_expression": "mit",
                  "spdx_license_expression": "MIT",
                  "from_file": "package/package.json",
                  "start_line": 1,
                  "end_line": 1,
                  "matcher": "1-spdx-id",
                  "score": 100.0,
                  "matched_length": 1,
                  "match_coverage": 100.0,
                  "rule_relevance": 100,
                  "rule_identifier": "spdx-license-identifier-mit-5da48780aba670b0860c46d899ed42a0f243ff06",
                  "rule_url": null,
                  "matched_text": "MIT"
                }
              ],
              "identifier": "mit-a822f434-d61f-f2b1-c792-8b8cb9e7b9bf"
            }
          ],
          "other_license_expression": null,
          "other_license_expression_spdx": null,
          "other_license_detections": [],
          "extracted_license_statement": "- MIT\n",
          "notice_text": null,
          "source_packages": [],
          "file_references": [],
          "is_private": false,
          "is_virtual": false,
          "extra_data": {
            "engines": {
              "node": ">= 4.0"
            }
          },
          "dependencies": [
            {
              "purl": "pkg:npm/%40types/node",
              "extracted_requirement": "^8.0.24",
              "scope": "dependencies",
              "is_runtime": true,
              "is_optional": false,
              "is_resolved": false,
              "is_direct": true,
              "resolved_package": {},
              "extra_data": {}
            },
            {
              "purl": "pkg:npm/electron-download",
              "extracted_requirement": "^4.1.0",
              "scope": "dependencies",
              "is_runtime": true,
              "is_optional": false,
              "is_resolved": false,
              "is_direct": true,
              "resolved_package": {},
              "extra_data": {}
            },
            {
              "purl": "pkg:npm/extract-zip",
              "extracted_requirement": "^1.0.3",
              "scope": "dependencies",
              "is_runtime": true,
              "is_optional": false,
              "is_resolved": false,
              "is_direct": true,
              "resolved_package": {},
              "extra_data": {}
            },
            {
              "purl": "pkg:npm/home-path",
              "extracted_requirement": "^0.1.1",
              "scope": "devDependencies",
              "is_runtime": false,
              "is_optional": true,
              "is_resolved": false,
              "is_direct": true,
              "resolved_package": {},
              "extra_data": {}
            },
            {
              "purl": "pkg:npm/path-exists",
              "extracted_requirement": "^2.0.0",
              "scope": "devDependencies",
              "is_runtime": false,
              "is_optional": true,
              "is_resolved": false,
              "is_direct": true,
              "resolved_package": {},
              "extra_data": {}
            },
            {
              "purl": "pkg:npm/standard",
              "extracted_requirement": "^5.4.1",
              "scope": "devDependencies",
              "is_runtime": false,
              "is_optional": true,
              "is_resolved": false,
              "is_direct": true,
              "resolved_package": {},
              "extra_data": {}
            }
          ],
          "repository_homepage_url": "https://www.npmjs.com/package/electron",
          "repository_download_url": "https://registry.npmjs.org/electron/-/electron-3.1.11.tgz",
          "api_data_url": "https://registry.npmjs.org/electron/3.1.11",
          "datasource_id": "npm_package_json",
          "purl": "pkg:npm/electron@3.1.11"
        }
      ],
      "for_packages": [
        "pkg:npm/electron@3.1.11?uuid=fixed-uid-done-for-testing-5642512d1758"
      ],
      "scan_errors": []
    }
  ]
}