declared_license:
declared_license_expression: mit AND gpl-2.0-plus AND gpl-2.0-plus AND gpl-1.0-plus
declared_license_expression_spdx: MIT AND GPL-2.0-or-later AND GPL-2.0-or-later AND GPL-1.0-or-later
other_license_expression:
other_license_expression_spdx:
license_detections:
  - license_expression: mit AND gpl-2.0-plus AND gpl-1.0-plus
    matches:
      - score: '100.0'
        start_line: 42
        end_line: 59
        matched_length: 161
        match_coverage: '100.0'
        matcher: 2-aho
        license_expression: mit
        rule_identifier: mit.LICENSE
        rule_relevance: 100
        rule_url: https://github.com/nexB/scancode-toolkit/tree/develop/src/licensedcode/data/licenses/mit.LICENSE
        matched_text: |
          Permission is hereby granted, free of charge, to any person obtaining
              a copy of this software and associated documentation files (the
              ``Software''), to deal in the Software without restriction, including
              without limitation the rights to use, copy, modify, merge, publish,
              distribute, sublicense, and/or sell copies of the Software, and to
              permit persons to whom the Software is furnished to do so, subject to
              the following conditions:

              The above copyright notice and this permission notice shall be included
              in all copies or substantial portions of the Software.

              THE SOFTWARE IS PROVIDED ``AS IS'', WITHOUT WARRANTY OF ANY KIND,
              EXPRESS OR IMPLIED, INCLUDING BUT NOT LIMITED TO THE WARRANTIES OF
              MERCHANTABILITY, FITNESS FOR A PARTICULAR PURPOSE AND NONINFRINGEMENT.
              IN NO EVENT SHALL THE AUTHORS OR COPYRIGHT HOLDERS BE LIABLE FOR ANY
              CLAIM, DAMAGES OR OTHER LIABILITY, WHETHER IN AN ACTION OF CONTRACT,
              TORT OR OTHERWISE, ARISING FROM, OUT OF OR IN CONNECTION WITH THE
              SOFTWARE OR THE USE OR OTHER DEALINGS IN THE SOFTWARE.
      - score: '100.0'
        start_line: 62
        end_line: 66
        matched_length: 51
        match_coverage: '100.0'
        matcher: 2-aho
        license_expression: gpl-2.0-plus
        rule_identifier: gpl-2.0-plus_35.RULE
        rule_relevance: 100
        rule_url: https://github.com/nexB/scancode-toolkit/tree/develop/src/licensedcode/data/rules/gpl-2.0-plus_35.RULE
        matched_text: |
          Permission is granted to copy, distribute and/or modify this document
              under the terms of the GNU General Public License as published by the
              Free Software Foundation; either version 2, or (at your option) any
              later version.  A copy of the license is included in the
              section entitled ``GNU General Public License''.
      - score: '100.0'
        start_line: 69
        end_line: 76
        matched_length: 72
        match_coverage: '100.0'
        matcher: 2-aho
        license_expression: gpl-2.0-plus
        rule_identifier: gpl-2.0-plus_858.RULE
        rule_relevance: 100
        rule_url: https://github.com/nexB/scancode-toolkit/tree/develop/src/licensedcode/data/rules/gpl-2.0-plus_858.RULE
        matched_text: |
          Permission is granted to copy, distribute and/or modify this document
            under the terms of the GNU General Public License as published by the
            Free Software Foundation; either version 2, or (at your option) any
            later version.  A copy of the license is included in the
            section entitled ``GNU General Public License''.

            On Debian GNU/Linux systems, the complete text of the GNU General
            Public License is in `/usr/share/common-licenses/GPL'.
      - score: '100.0'
        start_line: 79
        end_line: 79
        matched_length: 12
        match_coverage: '100.0'
        matcher: 2-aho
        license_expression: gpl-1.0-plus
        rule_identifier: gpl-1.0-plus_478.RULE
        rule_relevance: 100
        rule_url: https://github.com/nexB/scancode-toolkit/tree/develop/src/licensedcode/data/rules/gpl-1.0-plus_478.RULE
        matched_text: and is licensed under the GPL, see `/usr/share/common-licenses/GPL'.
    identifier: mit_and_gpl_2_0_plus_and_gpl_1_0_plus-8acf6657-b6d8-39e2-7fd2-50e1d036392f
other_license_detections: []
copyright: |
  Copyright (c) 1996-2011 Red Hat, Inc.
  Copyright (c) 1996-2011 Anthony Green
  Copyright (c) 1996-2010 Free Software Foundation, Inc
  Copyright (c) 2003, 2004, 2006, 2007, 2008 Kaz Kojima
  Copyright (c) 2010, 2011, Plausible Labs Cooperative, Inc.
  Copyright (c) 2010 CodeSourcery
  Copyright (c) 1998 Andreas Schwab
  Copyright (c) 2000 Hewlett Packard Company
  Copyright (c) 2009 Bradley Smith
  Copyright (c) 2008 David Daney
  Copyright (c) 2004 Simon Posnjak
  Copyright (c) 2005 Axis Communications AB
  Copyright (c) 1998 Cygnus Solutions
  Copyright (c) 2004 Renesas Technology
  Copyright (c) 2002, 2007 Bo Thorsen <bo@suse.de>
  Copyright (c) 2002 Ranjit Mathew
  Copyright (c) 2002 Roger Sayle
  Copyright (c) 2000, 2007 Software AG
  Copyright (c) 2003 Jakub Jelinek
  Copyright (c) 2000, 2001 John Hornkvist
  Copyright (c) 1998 Geoffrey Keating
  Copyright (c) 2008 Bjorn Konig
  Copyright (c) 1996-2010 Red Hat, Inc and others
  (c) 2008, 2011 Matthias Klose <doko@debian.org>
