{
  "original_source_files": [], 
  "included_source_files": []
}