[
  "/home/benno/work/2006/may/iguana_elfbootinfo/<built-in>", 
  "/home/benno/work/2006/may/iguana_elfbootinfo/build.pc99_libc/pistachio/pistachio/kernel/include/kdb_class_helper.h", 
  "/home/benno/work/2006/may/iguana_elfbootinfo/pistachio/kernel/include/api/v4/cache.h", 
  "/home/benno/work/2006/may/iguana_elfbootinfo/pistachio/kernel/include/api/v4/fpage.h", 
  "/home/benno/work/2006/may/iguana_elfbootinfo/pistachio/kernel/include/api/v4/ipc.h", 
  "/home/benno/work/2006/may/iguana_elfbootinfo/pistachio/kernel/include/api/v4/kernelinterface.h", 
  "/home/benno/work/2006/may/iguana_elfbootinfo/pistachio/kernel/include/api/v4/map.h", 
  "/home/benno/work/2006/may/iguana_elfbootinfo/pistachio/kernel/include/api/v4/memdesc.h", 
  "/home/benno/work/2006/may/iguana_elfbootinfo/pistachio/kernel/include/api/v4/preempt.h", 
  "/home/benno/work/2006/may/iguana_elfbootinfo/pistachio/kernel/include/api/v4/procdesc.h", 
  "/home/benno/work/2006/may/iguana_elfbootinfo/pistachio/kernel/include/api/v4/queueing.h", 
  "/home/benno/work/2006/may/iguana_elfbootinfo/pistachio/kernel/include/api/v4/queuestate.h", 
  "/home/benno/work/2006/may/iguana_elfbootinfo/pistachio/kernel/include/api/v4/resources.h", 
  "/home/benno/work/2006/may/iguana_elfbootinfo/pistachio/kernel/include/api/v4/schedule.h", 
  "/home/benno/work/2006/may/iguana_elfbootinfo/pistachio/kernel/include/api/v4/space.h", 
  "/home/benno/work/2006/may/iguana_elfbootinfo/pistachio/kernel/include/api/v4/tcb.h", 
  "/home/benno/work/2006/may/iguana_elfbootinfo/pistachio/kernel/include/api/v4/thread.h", 
  "/home/benno/work/2006/may/iguana_elfbootinfo/pistachio/kernel/include/api/v4/threadstate.h", 
  "/home/benno/work/2006/may/iguana_elfbootinfo/pistachio/kernel/include/api/v4/types.h", 
  "/home/benno/work/2006/may/iguana_elfbootinfo/pistachio/kernel/include/arch/ia32/cpu.h", 
  "/home/benno/work/2006/may/iguana_elfbootinfo/pistachio/kernel/include/arch/ia32/debug.h", 
  "/home/benno/work/2006/may/iguana_elfbootinfo/pistachio/kernel/include/arch/ia32/fpu.h", 
  "/home/benno/work/2006/may/iguana_elfbootinfo/pistachio/kernel/include/arch/ia32/idt.h", 
  "/home/benno/work/2006/may/iguana_elfbootinfo/pistachio/kernel/include/arch/ia32/ioport.h", 
  "/home/benno/work/2006/may/iguana_elfbootinfo/pistachio/kernel/include/arch/ia32/mmu.h", 
  "/home/benno/work/2006/may/iguana_elfbootinfo/pistachio/kernel/include/arch/ia32/pgent.h", 
  "/home/benno/work/2006/may/iguana_elfbootinfo/pistachio/kernel/include/arch/ia32/ptab.h", 
  "/home/benno/work/2006/may/iguana_elfbootinfo/pistachio/kernel/include/arch/ia32/segdesc.h", 
  "/home/benno/work/2006/may/iguana_elfbootinfo/pistachio/kernel/include/arch/ia32/special.h", 
  "/home/benno/work/2006/may/iguana_elfbootinfo/pistachio/kernel/include/arch/ia32/sysdesc.h", 
  "/home/benno/work/2006/may/iguana_elfbootinfo/pistachio/kernel/include/arch/ia32/trapgate.h", 
  "/home/benno/work/2006/may/iguana_elfbootinfo/pistachio/kernel/include/arch/ia32/tss.h", 
  "/home/benno/work/2006/may/iguana_elfbootinfo/pistachio/kernel/include/arch/ia32/types.h", 
  "/home/benno/work/2006/may/iguana_elfbootinfo/pistachio/kernel/include/bitmask.h", 
  "/home/benno/work/2006/may/iguana_elfbootinfo/pistachio/kernel/include/generic/memregion.h", 
  "/home/benno/work/2006/may/iguana_elfbootinfo/pistachio/kernel/include/generic/traceids.h", 
  "/home/benno/work/2006/may/iguana_elfbootinfo/pistachio/kernel/include/glue/v4-ia32/cache.h", 
  "/home/benno/work/2006/may/iguana_elfbootinfo/pistachio/kernel/include/glue/v4-ia32/hwspace.h", 
  "/home/benno/work/2006/may/iguana_elfbootinfo/pistachio/kernel/include/glue/v4-ia32/idt.h", 
  "/home/benno/work/2006/may/iguana_elfbootinfo/pistachio/kernel/include/glue/v4-ia32/intctrl.h", 
  "/home/benno/work/2006/may/iguana_elfbootinfo/pistachio/kernel/include/glue/v4-ia32/ktcb.h", 
  "/home/benno/work/2006/may/iguana_elfbootinfo/pistachio/kernel/include/glue/v4-ia32/memory.h", 
  "/home/benno/work/2006/may/iguana_elfbootinfo/pistachio/kernel/include/glue/v4-ia32/resources.h", 
  "/home/benno/work/2006/may/iguana_elfbootinfo/pistachio/kernel/include/glue/v4-ia32/schedule.h", 
  "/home/benno/work/2006/may/iguana_elfbootinfo/pistachio/kernel/include/glue/v4-ia32/space.h", 
  "/home/benno/work/2006/may/iguana_elfbootinfo/pistachio/kernel/include/glue/v4-ia32/tcb.h", 
  "/home/benno/work/2006/may/iguana_elfbootinfo/pistachio/kernel/include/glue/v4-ia32/timer.h", 
  "/home/benno/work/2006/may/iguana_elfbootinfo/pistachio/kernel/include/glue/v4-ia32/traphandler.h", 
  "/home/benno/work/2006/may/iguana_elfbootinfo/pistachio/kernel/include/glue/v4-ia32/utcb.h", 
  "/home/benno/work/2006/may/iguana_elfbootinfo/pistachio/kernel/include/intctrl.h", 
  "/home/benno/work/2006/may/iguana_elfbootinfo/pistachio/kernel/include/kdb/cmd.h", 
  "/home/benno/work/2006/may/iguana_elfbootinfo/pistachio/kernel/include/kdb/console.h", 
  "/home/benno/work/2006/may/iguana_elfbootinfo/pistachio/kernel/include/kdb/init.h", 
  "/home/benno/work/2006/may/iguana_elfbootinfo/pistachio/kernel/include/kdb/kdb.h", 
  "/home/benno/work/2006/may/iguana_elfbootinfo/pistachio/kernel/include/kdb/linker_set.h", 
  "/home/benno/work/2006/may/iguana_elfbootinfo/pistachio/kernel/include/kdb/tid_format.h", 
  "/home/benno/work/2006/may/iguana_elfbootinfo/pistachio/kernel/include/kdb/tracepoints.h", 
  "/home/benno/work/2006/may/iguana_elfbootinfo/pistachio/kernel/include/kmemory.h", 
  "/home/benno/work/2006/may/iguana_elfbootinfo/pistachio/kernel/include/linear_ptab.h", 
  "/home/benno/work/2006/may/iguana_elfbootinfo/pistachio/kernel/include/macros.h", 
  "/home/benno/work/2006/may/iguana_elfbootinfo/pistachio/kernel/include/platform/generic/intctrl-pic.h", 
  "/home/benno/work/2006/may/iguana_elfbootinfo/pistachio/kernel/include/platform/pc99/8259.h", 
  "/home/benno/work/2006/may/iguana_elfbootinfo/pistachio/kernel/include/platform/pc99/nmi.h", 
  "/home/benno/work/2006/may/iguana_elfbootinfo/pistachio/kernel/include/platform/pc99/rtc.h", 
  "/home/benno/work/2006/may/iguana_elfbootinfo/pistachio/kernel/include/stdarg.h", 
  "/home/benno/work/2006/may/iguana_elfbootinfo/pistachio/kernel/include/sync.h", 
  "/home/benno/work/2006/may/iguana_elfbootinfo/pistachio/kernel/include/timer.h", 
  "/home/benno/work/2006/may/iguana_elfbootinfo/pistachio/kernel/include/types.h", 
  "/home/benno/work/2006/may/iguana_elfbootinfo/pistachio/kernel/kdb/api/v4/input.cc", 
  "/home/benno/work/2006/may/iguana_elfbootinfo/pistachio/kernel/kdb/api/v4/kernelinterface.cc", 
  "/home/benno/work/2006/may/iguana_elfbootinfo/pistachio/kernel/kdb/api/v4/schedule.cc", 
  "/home/benno/work/2006/may/iguana_elfbootinfo/pistachio/kernel/kdb/api/v4/space.cc", 
  "/home/benno/work/2006/may/iguana_elfbootinfo/pistachio/kernel/kdb/api/v4/tcb.cc", 
  "/home/benno/work/2006/may/iguana_elfbootinfo/pistachio/kernel/kdb/api/v4/thread.cc", 
  "/home/benno/work/2006/may/iguana_elfbootinfo/pistachio/kernel/kdb/arch/ia32/breakpoints.cc", 
  "/home/benno/work/2006/may/iguana_elfbootinfo/pistachio/kernel/kdb/arch/ia32/stepping.cc", 
  "/home/benno/work/2006/may/iguana_elfbootinfo/pistachio/kernel/kdb/arch/ia32/x86.cc", 
  "/home/benno/work/2006/may/iguana_elfbootinfo/pistachio/kernel/kdb/generic/bootinfo.cc", 
  "/home/benno/work/2006/may/iguana_elfbootinfo/pistachio/kernel/kdb/generic/cmd.cc", 
  "/home/benno/work/2006/may/iguana_elfbootinfo/pistachio/kernel/kdb/generic/console.cc", 
  "/home/benno/work/2006/may/iguana_elfbootinfo/pistachio/kernel/kdb/generic/entry.cc", 
  "/home/benno/work/2006/may/iguana_elfbootinfo/pistachio/kernel/kdb/generic/init.cc", 
  "/home/benno/work/2006/may/iguana_elfbootinfo/pistachio/kernel/kdb/generic/input.cc", 
  "/home/benno/work/2006/may/iguana_elfbootinfo/pistachio/kernel/kdb/generic/kmemory.cc", 
  "/home/benno/work/2006/may/iguana_elfbootinfo/pistachio/kernel/kdb/generic/linear_ptab_dump.cc", 
  "/home/benno/work/2006/may/iguana_elfbootinfo/pistachio/kernel/kdb/generic/linker_set.cc", 
  "/home/benno/work/2006/may/iguana_elfbootinfo/pistachio/kernel/kdb/generic/memdump.cc", 
  "/home/benno/work/2006/may/iguana_elfbootinfo/pistachio/kernel/kdb/generic/print.cc", 
  "/home/benno/work/2006/may/iguana_elfbootinfo/pistachio/kernel/kdb/generic/sprintf.cc", 
  "/home/benno/work/2006/may/iguana_elfbootinfo/pistachio/kernel/kdb/generic/tid_format.cc", 
  "/home/benno/work/2006/may/iguana_elfbootinfo/pistachio/kernel/kdb/generic/tracepoints.cc", 
  "/home/benno/work/2006/may/iguana_elfbootinfo/pistachio/kernel/kdb/glue/v4-ia32/prepost.cc", 
  "/home/benno/work/2006/may/iguana_elfbootinfo/pistachio/kernel/kdb/glue/v4-ia32/readmem.cc", 
  "/home/benno/work/2006/may/iguana_elfbootinfo/pistachio/kernel/kdb/glue/v4-ia32/resources.cc", 
  "/home/benno/work/2006/may/iguana_elfbootinfo/pistachio/kernel/kdb/glue/v4-ia32/space.cc", 
  "/home/benno/work/2006/may/iguana_elfbootinfo/pistachio/kernel/kdb/platform/pc99/intctrl.cc", 
  "/home/benno/work/2006/may/iguana_elfbootinfo/pistachio/kernel/kdb/platform/pc99/io.cc", 
  "/home/benno/work/2006/may/iguana_elfbootinfo/pistachio/kernel/src/api/v4/cache.cc", 
  "/home/benno/work/2006/may/iguana_elfbootinfo/pistachio/kernel/src/api/v4/exregs.cc", 
  "/home/benno/work/2006/may/iguana_elfbootinfo/pistachio/kernel/src/api/v4/interrupt.cc", 
  "/home/benno/work/2006/may/iguana_elfbootinfo/pistachio/kernel/src/api/v4/ipc.cc", 
  "/home/benno/work/2006/may/iguana_elfbootinfo/pistachio/kernel/src/api/v4/kernelinterface.cc", 
  "/home/benno/work/2006/may/iguana_elfbootinfo/pistachio/kernel/src/api/v4/map.cc", 
  "/home/benno/work/2006/may/iguana_elfbootinfo/pistachio/kernel/src/api/v4/processor.cc", 
  "/home/benno/work/2006/may/iguana_elfbootinfo/pistachio/kernel/src/api/v4/schedule.cc", 
  "/home/benno/work/2006/may/iguana_elfbootinfo/pistachio/kernel/src/api/v4/space.cc", 
  "/home/benno/work/2006/may/iguana_elfbootinfo/pistachio/kernel/src/api/v4/thread.cc", 
  "/home/benno/work/2006/may/iguana_elfbootinfo/pistachio/kernel/src/generic/kmemory.cc", 
  "/home/benno/work/2006/may/iguana_elfbootinfo/pistachio/kernel/src/generic/lib.cc", 
  "/home/benno/work/2006/may/iguana_elfbootinfo/pistachio/kernel/src/generic/linear_ptab_walker.cc", 
  "/home/benno/work/2006/may/iguana_elfbootinfo/pistachio/kernel/src/generic/traceids.cc", 
  "/home/benno/work/2006/may/iguana_elfbootinfo/pistachio/kernel/src/glue/v4-ia32/ctors.cc", 
  "/home/benno/work/2006/may/iguana_elfbootinfo/pistachio/kernel/src/glue/v4-ia32/debug.cc", 
  "/home/benno/work/2006/may/iguana_elfbootinfo/pistachio/kernel/src/glue/v4-ia32/exception.cc", 
  "/home/benno/work/2006/may/iguana_elfbootinfo/pistachio/kernel/src/glue/v4-ia32/idt.cc", 
  "/home/benno/work/2006/may/iguana_elfbootinfo/pistachio/kernel/src/glue/v4-ia32/init.cc", 
  "/home/benno/work/2006/may/iguana_elfbootinfo/pistachio/kernel/src/glue/v4-ia32/resources.cc", 
  "/home/benno/work/2006/may/iguana_elfbootinfo/pistachio/kernel/src/glue/v4-ia32/space.cc", 
  "/home/benno/work/2006/may/iguana_elfbootinfo/pistachio/kernel/src/glue/v4-ia32/thread.cc", 
  "/home/benno/work/2006/may/iguana_elfbootinfo/pistachio/kernel/src/glue/v4-ia32/timer.cc", 
  "/home/benno/work/2006/may/iguana_elfbootinfo/pistachio/kernel/src/glue/v4-ia32/user.cc", 
  "/home/benno/work/2006/may/iguana_elfbootinfo/pistachio/kernel/src/platform/generic/intctrl-pic.cc", 
  "pistachio/kernel/src/glue/v4-ia32/trampoline.S", 
  "pistachio/kernel/src/glue/v4-ia32/trap.S", 
  "pistachio/kernel/src/platform/pc99/startup.S", 
  "smp.cc"
]