[
  {
    "type": "golang",
    "namespace": null,
    "name": null,
    "version": null,
    "qualifiers": {},
    "subpath": null,
    "primary_language": "Go",
    "description": null,
    "release_date": null,
    "parties": [],
    "keywords": [],
    "homepage_url": null,
    "download_url": null,
    "size": null,
    "sha1": null,
    "md5": null,
    "sha256": null,
    "sha512": null,
    "bug_tracking_url": null,
    "code_view_url": null,
    "vcs_url": null,
    "copyright": null,
    "holder": null,
    "declared_license_expression": null,
    "declared_license_expression_spdx": null,
    "license_detections": [],
    "other_license_expression": null,
    "other_license_expression_spdx": null,
    "other_license_detections": [],
    "extracted_license_statement": null,
    "notice_text": null,
    "source_packages": [],
    "file_references": [],
    "is_private": false,
    "is_virtual": false,
    "extra_data": {},
    "dependencies": [
      {
        "purl": "pkg:golang/gopkg.in/yaml.v2@v2.2.2",
        "extracted_requirement": "v2.2.2",
        "scope": "dependency",
        "is_runtime": true,
        "is_optional": false,
        "is_resolved": true,
        "is_direct": true,
        "resolved_package": {},
        "extra_data": {}
      },
      {
        "purl": "pkg:golang/honnef.co/go/tools@v0.0.1-2019.2.3",
        "extracted_requirement": "v0.0.1-2019.2.3",
        "scope": "dependency",
        "is_runtime": true,
        "is_optional": false,
        "is_resolved": true,
        "is_direct": true,
        "resolved_package": {},
        "extra_data": {}
      }
    ],
    "repository_homepage_url": null,
    "repository_download_url": null,
    "api_data_url": null,
    "datasource_id": "go_sum",
    "purl": null
  }
]