[
  {
    "type": "golang",
    "namespace": null,
    "name": null,
    "version": null,
    "qualifiers": {},
    "subpath": null,
    "primary_language": "Go",
    "description": null,
    "release_date": null,
    "parties": [],
    "keywords": [],
    "homepage_url": null,
    "package_releases": [],
    "download_url": null,
    "size": null,
    "sha1": null,
    "md5": null,
    "sha256": null,
    "sha512": null,
    "bug_tracking_url": null,
    "code_view_url": null,
    "vcs_url": null,
    "copyright": null,
    "license_expression": null,
    "declared_license": null,
    "notice_text": null,
    "source_packages": [],
    "file_references": [],
    "extra_data": {},
    "dependencies": [
      {
        "purl": "pkg:golang/github.com/cznic/mathutil@v0.0.0-20181122101859-297441e03548",
        "extracted_requirement": "v0.0.0-20181122101859-297441e03548",
        "scope": "dependency",
        "is_runtime": true,
        "is_optional": false,
        "is_resolved": true,
        "resolved_package": {},
        "extra_data": {}
      }
    ],
    "repository_homepage_url": null,
    "repository_download_url": null,
    "api_data_url": null,
    "datasource_id": "go_sum",
    "purl": null
  }
]