[
  {
    "type": "npm",
    "namespace": null,
    "name": "sequelize",
    "version": "3.30.2",
    "qualifiers": {},
    "subpath": null,
    "primary_language": "JavaScript",
    "description": "Multi dialect ORM for Node.JS/io.js",
    "release_date": null,
    "parties": [
      {
        "type": "person",
        "role": "author",
        "name": "Sascha Depold",
        "email": "sascha@depold.com",
        "url": null
      },
      {
        "type": "person",
        "role": "contributor",
        "name": "Sascha Depold",
        "email": "sascha@depold.com",
        "url": null
      },
      {
        "type": "person",
        "role": "contributor",
        "name": "Jan Aagaard Meier",
        "email": "janzeh@gmail.com\njmei@itu.dk",
        "url": null
      },
      {
        "type": "person",
        "role": "contributor",
        "name": "Daniel Durante",
        "email": "me@danieldurante.com",
        "url": null
      },
      {
        "type": "person",
        "role": "contributor",
        "name": "Mick Hansen",
        "email": "mick.kasper.hansen@gmail.com",
        "url": null
      }
    ],
    "keywords": [
      "mysql",
      "sqlite",
      "postgresql",
      "postgres",
      "mssql",
      "orm",
      "nodejs",
      "object relational mapper"
    ],
    "homepage_url": null,
    "download_url": "https://registry.npmjs.org/sequelize/-/sequelize-3.30.2.tgz",
    "size": null,
    "sha1": null,
    "md5": null,
    "sha256": null,
    "sha512": null,
    "bug_tracking_url": "https://github.com/sequelize/sequelize/issues",
    "code_view_url": null,
    "vcs_url": "git+https://github.com/sequelize/sequelize.git",
    "copyright": null,
    "license_expression": "mit",
    "declared_license": [
      "MIT"
    ],
    "notice_text": null,
    "root_path": null,
    "dependencies": [
      {
        "purl": "pkg:npm/bluebird",
        "requirement": "^3.3.4",
        "scope": "dependencies",
        "is_runtime": true,
        "is_optional": false,
        "is_resolved": false
      },
      {
        "purl": "pkg:npm/depd",
        "requirement": "^1.1.0",
        "scope": "dependencies",
        "is_runtime": true,
        "is_optional": false,
        "is_resolved": false
      },
      {
        "purl": "pkg:npm/dottie",
        "requirement": "^1.0.0",
        "scope": "dependencies",
        "is_runtime": true,
        "is_optional": false,
        "is_resolved": false
      },
      {
        "purl": "pkg:npm/generic-pool",
        "requirement": "2.4.2",
        "scope": "dependencies",
        "is_runtime": true,
        "is_optional": false,
        "is_resolved": false
      },
      {
        "purl": "pkg:npm/inflection",
        "requirement": "^1.6.0",
        "scope": "dependencies",
        "is_runtime": true,
        "is_optional": false,
        "is_resolved": false
      },
      {
        "purl": "pkg:npm/lodash",
        "requirement": "4.12.0",
        "scope": "dependencies",
        "is_runtime": true,
        "is_optional": false,
        "is_resolved": false
      },
      {
        "purl": "pkg:npm/moment",
        "requirement": "^2.13.0",
        "scope": "dependencies",
        "is_runtime": true,
        "is_optional": false,
        "is_resolved": false
      },
      {
        "purl": "pkg:npm/moment-timezone",
        "requirement": "^0.5.4",
        "scope": "dependencies",
        "is_runtime": true,
        "is_optional": false,
        "is_resolved": false
      },
      {
        "purl": "pkg:npm/retry-as-promised",
        "requirement": "^2.0.0",
        "scope": "dependencies",
        "is_runtime": true,
        "is_optional": false,
        "is_resolved": false
      },
      {
        "purl": "pkg:npm/semver",
        "requirement": "^5.0.1",
        "scope": "dependencies",
        "is_runtime": true,
        "is_optional": false,
        "is_resolved": false
      },
      {
        "purl": "pkg:npm/shimmer",
        "requirement": "1.1.0",
        "scope": "dependencies",
        "is_runtime": true,
        "is_optional": false,
        "is_resolved": false
      },
      {
        "purl": "pkg:npm/terraformer-wkt-parser",
        "requirement": "^1.1.0",
        "scope": "dependencies",
        "is_runtime": true,
        "is_optional": false,
        "is_resolved": false
      },
      {
        "purl": "pkg:npm/toposort-class",
        "requirement": "^1.0.1",
        "scope": "dependencies",
        "is_runtime": true,
        "is_optional": false,
        "is_resolved": false
      },
      {
        "purl": "pkg:npm/uuid",
        "requirement": "^3.0.0",
        "scope": "dependencies",
        "is_runtime": true,
        "is_optional": false,
        "is_resolved": false
      },
      {
        "purl": "pkg:npm/validator",
        "requirement": "^5.2.0",
        "scope": "dependencies",
        "is_runtime": true,
        "is_optional": false,
        "is_resolved": false
      },
      {
        "purl": "pkg:npm/wkx",
        "requirement": "0.2.0",
        "scope": "dependencies",
        "is_runtime": true,
        "is_optional": false,
        "is_resolved": false
      },
      {
        "purl": "pkg:npm/chai",
        "requirement": "^3.5.0",
        "scope": "devDependencies",
        "is_runtime": false,
        "is_optional": true,
        "is_resolved": false
      },
      {
        "purl": "pkg:npm/chai-as-promised",
        "requirement": "^5.1.0",
        "scope": "devDependencies",
        "is_runtime": false,
        "is_optional": true,
        "is_resolved": false
      },
      {
        "purl": "pkg:npm/chai-datetime",
        "requirement": "^1.4.0",
        "scope": "devDependencies",
        "is_runtime": false,
        "is_optional": true,
        "is_resolved": false
      },
      {
        "purl": "pkg:npm/chai-spies",
        "requirement": "^0.7.0",
        "scope": "devDependencies",
        "is_runtime": false,
        "is_optional": true,
        "is_resolved": false
      },
      {
        "purl": "pkg:npm/commander",
        "requirement": "^2.6.0",
        "scope": "devDependencies",
        "is_runtime": false,
        "is_optional": true,
        "is_resolved": false
      },
      {
        "purl": "pkg:npm/continuation-local-storage",
        "requirement": "^3.1.4",
        "scope": "devDependencies",
        "is_runtime": false,
        "is_optional": true,
        "is_resolved": false
      },
      {
        "purl": "pkg:npm/cross-env",
        "requirement": "^2.0.1",
        "scope": "devDependencies",
        "is_runtime": false,
        "is_optional": true,
        "is_resolved": false
      },
      {
        "purl": "pkg:npm/dox",
        "requirement": "~0.8.0",
        "scope": "devDependencies",
        "is_runtime": false,
        "is_optional": true,
        "is_resolved": false
      },
      {
        "purl": "pkg:npm/git",
        "requirement": "^0.1.5",
        "scope": "devDependencies",
        "is_runtime": false,
        "is_optional": true,
        "is_resolved": false
      },
      {
        "purl": "pkg:npm/hints",
        "requirement": "^0.2.0",
        "scope": "devDependencies",
        "is_runtime": false,
        "is_optional": true,
        "is_resolved": false
      },
      {
        "purl": "pkg:npm/istanbul",
        "requirement": "^0.4.3",
        "scope": "devDependencies",
        "is_runtime": false,
        "is_optional": true,
        "is_resolved": false
      },
      {
        "purl": "pkg:npm/jshint",
        "requirement": "^2.9.2",
        "scope": "devDependencies",
        "is_runtime": false,
        "is_optional": true,
        "is_resolved": false
      },
      {
        "purl": "pkg:npm/lcov-result-merger",
        "requirement": "^1.2.0",
        "scope": "devDependencies",
        "is_runtime": false,
        "is_optional": true,
        "is_resolved": false
      },
      {
        "purl": "pkg:npm/mocha",
        "requirement": "^2.4.2",
        "scope": "devDependencies",
        "is_runtime": false,
        "is_optional": true,
        "is_resolved": false
      },
      {
        "purl": "pkg:npm/mysql",
        "requirement": "~2.10.1",
        "scope": "devDependencies",
        "is_runtime": false,
        "is_optional": true,
        "is_resolved": false
      },
      {
        "purl": "pkg:npm/pg",
        "requirement": "^4.4.6",
        "scope": "devDependencies",
        "is_runtime": false,
        "is_optional": true,
        "is_resolved": false
      },
      {
        "purl": "pkg:npm/pg-hstore",
        "requirement": "^2.3.1",
        "scope": "devDependencies",
        "is_runtime": false,
        "is_optional": true,
        "is_resolved": false
      },
      {
        "purl": "pkg:npm/pg-native",
        "requirement": "^1.8.0",
        "scope": "devDependencies",
        "is_runtime": false,
        "is_optional": true,
        "is_resolved": false
      },
      {
        "purl": "pkg:npm/pg-types",
        "requirement": "^1.11.0",
        "scope": "devDependencies",
        "is_runtime": false,
        "is_optional": true,
        "is_resolved": false
      },
      {
        "purl": "pkg:npm/rimraf",
        "requirement": "^2.5.4",
        "scope": "devDependencies",
        "is_runtime": false,
        "is_optional": true,
        "is_resolved": false
      },
      {
        "purl": "pkg:npm/sinon",
        "requirement": "^1.17.4",
        "scope": "devDependencies",
        "is_runtime": false,
        "is_optional": true,
        "is_resolved": false
      },
      {
        "purl": "pkg:npm/sinon-chai",
        "requirement": "^2.8.0",
        "scope": "devDependencies",
        "is_runtime": false,
        "is_optional": true,
        "is_resolved": false
      },
      {
        "purl": "pkg:npm/sqlite3",
        "requirement": "^3.1.4",
        "scope": "devDependencies",
        "is_runtime": false,
        "is_optional": true,
        "is_resolved": false
      },
      {
        "purl": "pkg:npm/tedious",
        "requirement": "^1.13.2",
        "scope": "devDependencies",
        "is_runtime": false,
        "is_optional": true,
        "is_resolved": false
      },
      {
        "purl": "pkg:npm/uuid-validate",
        "requirement": "^0.0.2",
        "scope": "devDependencies",
        "is_runtime": false,
        "is_optional": true,
        "is_resolved": false
      },
      {
        "purl": "pkg:npm/watchr",
        "requirement": "~2.4.11",
        "scope": "devDependencies",
        "is_runtime": false,
        "is_optional": true,
        "is_resolved": false
      }
    ],
    "contains_source_code": null,
    "source_packages": [],
    "purl": "pkg:npm/sequelize@3.30.2",
    "repository_homepage_url": "https://www.npmjs.com/package/sequelize",
    "repository_download_url": "https://registry.npmjs.org/sequelize/-/sequelize-3.30.2.tgz",
    "api_data_url": "https://registry.npmjs.org/sequelize/3.30.2"
  }
]