{
  "packages": [],
  "dependencies": [],
  "files": [
    {
      "path": "scan",
      "type": "directory",
      "package_data": [],
      "for_packages": [],
      "scan_errors": []
    },
    {
      "path": "scan/Cargo.lock",
      "type": "file",
      "package_data": [
        {
          "type": "cargo",
          "namespace": null,
          "name": null,
          "version": null,
          "qualifiers": {},
          "subpath": null,
          "primary_language": "Rust",
          "description": null,
          "release_date": null,
          "parties": [],
          "keywords": [],
          "homepage_url": null,
          "download_url": null,
          "size": null,
          "sha1": null,
          "md5": null,
          "sha256": null,
          "sha512": null,
          "bug_tracking_url": null,
          "code_view_url": null,
          "vcs_url": null,
          "copyright": null,
          "holder": null,
          "declared_license_expression": null,
          "declared_license_expression_spdx": null,
          "license_detections": [],
          "other_license_expression": null,
          "other_license_expression_spdx": null,
          "other_license_detections": [],
          "extracted_license_statement": null,
          "notice_text": null,
          "source_packages": [],
          "file_references": [],
          "is_private": false,
          "is_virtual": false,
          "extra_data": {},
          "dependencies": [
            {
              "purl": "pkg:cargo/ahash@0.7.4",
              "extracted_requirement": "0.7.4",
              "scope": "dependencies",
              "is_runtime": true,
              "is_optional": false,
              "is_resolved": true,
              "is_direct": true,
              "resolved_package": {},
              "extra_data": {}
            },
            {
              "purl": "pkg:cargo/autocfg@1.0.1",
              "extracted_requirement": "1.0.1",
              "scope": "dependencies",
              "is_runtime": true,
              "is_optional": false,
              "is_resolved": true,
              "is_direct": true,
              "resolved_package": {},
              "extra_data": {}
            },
            {
              "purl": "pkg:cargo/cfg-if@0.1.10",
              "extracted_requirement": "0.1.10",
              "scope": "dependencies",
              "is_runtime": true,
              "is_optional": false,
              "is_resolved": true,
              "is_direct": true,
              "resolved_package": {},
              "extra_data": {}
            },
            {
              "purl": "pkg:cargo/cfg-if@1.0.0",
              "extracted_requirement": "1.0.0",
              "scope": "dependencies",
              "is_runtime": true,
              "is_optional": false,
              "is_resolved": true,
              "is_direct": true,
              "resolved_package": {},
              "extra_data": {}
            },
            {
              "purl": "pkg:cargo/chrono@0.4.19",
              "extracted_requirement": "0.4.19",
              "scope": "dependencies",
              "is_runtime": true,
              "is_optional": false,
              "is_resolved": true,
              "is_direct": true,
              "resolved_package": {},
              "extra_data": {}
            },
            {
              "purl": "pkg:cargo/getrandom@0.2.3",
              "extracted_requirement": "0.2.3",
              "scope": "dependencies",
              "is_runtime": true,
              "is_optional": false,
              "is_resolved": true,
              "is_direct": true,
              "resolved_package": {},
              "extra_data": {}
            },
            {
              "purl": "pkg:cargo/hashbrown@0.11.2",
              "extracted_requirement": "0.11.2",
              "scope": "dependencies",
              "is_runtime": true,
              "is_optional": false,
              "is_resolved": true,
              "is_direct": true,
              "resolved_package": {},
              "extra_data": {}
            },
            {
              "purl": "pkg:cargo/libc@0.2.97",
              "extracted_requirement": "0.2.97",
              "scope": "dependencies",
              "is_runtime": true,
              "is_optional": false,
              "is_resolved": true,
              "is_direct": true,
              "resolved_package": {},
              "extra_data": {}
            },
            {
              "purl": "pkg:cargo/log@0.4.14",
              "extracted_requirement": "0.4.14",
              "scope": "dependencies",
              "is_runtime": true,
              "is_optional": false,
              "is_resolved": true,
              "is_direct": true,
              "resolved_package": {},
              "extra_data": {}
            },
            {
              "purl": "pkg:cargo/memory_units@0.4.0",
              "extracted_requirement": "0.4.0",
              "scope": "dependencies",
              "is_runtime": true,
              "is_optional": false,
              "is_resolved": true,
              "is_direct": true,
              "resolved_package": {},
              "extra_data": {}
            },
            {
              "purl": "pkg:cargo/num-integer@0.1.44",
              "extracted_requirement": "0.1.44",
              "scope": "dependencies",
              "is_runtime": true,
              "is_optional": false,
              "is_resolved": true,
              "is_direct": true,
              "resolved_package": {},
              "extra_data": {}
            },
            {
              "purl": "pkg:cargo/num-traits@0.2.14",
              "extracted_requirement": "0.2.14",
              "scope": "dependencies",
              "is_runtime": true,
              "is_optional": false,
              "is_resolved": true,
              "is_direct": true,
              "resolved_package": {},
              "extra_data": {}
            },
            {
              "purl": "pkg:cargo/once_cell@1.8.0",
              "extracted_requirement": "1.8.0",
              "scope": "dependencies",
              "is_runtime": true,
              "is_optional": false,
              "is_resolved": true,
              "is_direct": true,
              "resolved_package": {},
              "extra_data": {}
            },
            {
              "purl": "pkg:cargo/proxy-wasm@0.1.4",
              "extracted_requirement": "0.1.4",
              "scope": "dependencies",
              "is_runtime": true,
              "is_optional": false,
              "is_resolved": true,
              "is_direct": true,
              "resolved_package": {},
              "extra_data": {}
            },
            {
              "purl": "pkg:cargo/time@0.1.43",
              "extracted_requirement": "0.1.43",
              "scope": "dependencies",
              "is_runtime": true,
              "is_optional": false,
              "is_resolved": true,
              "is_direct": true,
              "resolved_package": {},
              "extra_data": {}
            },
            {
              "purl": "pkg:cargo/version_check@0.9.3",
              "extracted_requirement": "0.9.3",
              "scope": "dependencies",
              "is_runtime": true,
              "is_optional": false,
              "is_resolved": true,
              "is_direct": true,
              "resolved_package": {},
              "extra_data": {}
            },
            {
              "purl": "pkg:cargo/wasi@0.10.2%2Bwasi-snapshot-preview1",
              "extracted_requirement": "0.10.2+wasi-snapshot-preview1",
              "scope": "dependencies",
              "is_runtime": true,
              "is_optional": false,
              "is_resolved": true,
              "is_direct": true,
              "resolved_package": {},
              "extra_data": {}
            },
            {
              "purl": "pkg:cargo/wee_alloc@0.4.5",
              "extracted_requirement": "0.4.5",
              "scope": "dependencies",
              "is_runtime": true,
              "is_optional": false,
              "is_resolved": true,
              "is_direct": true,
              "resolved_package": {},
              "extra_data": {}
            },
            {
              "purl": "pkg:cargo/winapi@0.3.9",
              "extracted_requirement": "0.3.9",
              "scope": "dependencies",
              "is_runtime": true,
              "is_optional": false,
              "is_resolved": true,
              "is_direct": true,
              "resolved_package": {},
              "extra_data": {}
            },
            {
              "purl": "pkg:cargo/winapi-i686-pc-windows-gnu@0.4.0",
              "extracted_requirement": "0.4.0",
              "scope": "dependencies",
              "is_runtime": true,
              "is_optional": false,
              "is_resolved": true,
              "is_direct": true,
              "resolved_package": {},
              "extra_data": {}
            },
            {
              "purl": "pkg:cargo/winapi-x86_64-pc-windows-gnu@0.4.0",
              "extracted_requirement": "0.4.0",
              "scope": "dependencies",
              "is_runtime": true,
              "is_optional": false,
              "is_resolved": true,
              "is_direct": true,
              "resolved_package": {},
              "extra_data": {}
            }
          ],
          "repository_homepage_url": null,
          "repository_download_url": null,
          "api_data_url": null,
          "datasource_id": "cargo_lock",
          "purl": null
        }
      ],
      "for_packages": [],
      "scan_errors": []
    },
    {
      "path": "scan/Cargo.toml",
      "type": "file",
      "package_data": [
        {
          "type": "cargo",
          "namespace": null,
          "name": "apple-xar",
          "version": "0.4.0-pre",
          "qualifiers": {},
          "subpath": null,
          "primary_language": "Rust",
          "description": "XAR archive reading and writing",
          "release_date": null,
          "parties": [
            {
              "type": "person",
              "role": "author",
              "name": "Gregory Szorc",
              "email": "gregory.szorc@gmail.com",
              "url": null
            }
          ],
          "keywords": [
            "apple",
            "xar"
          ],
          "homepage_url": "https://github.com/indygreg/PyOxidizer",
          "download_url": null,
          "size": null,
          "sha1": null,
          "md5": null,
          "sha256": null,
          "sha512": null,
          "bug_tracking_url": null,
          "code_view_url": null,
          "vcs_url": "https://github.com/indygreg/PyOxidizer.git",
          "copyright": null,
          "holder": null,
          "declared_license_expression": null,
          "declared_license_expression_spdx": null,
          "license_detections": [],
          "other_license_expression": null,
          "other_license_expression_spdx": null,
          "other_license_detections": [],
          "extracted_license_statement": "MPL-2.0",
          "notice_text": null,
          "source_packages": [],
          "file_references": [],
          "is_private": false,
          "is_virtual": false,
          "extra_data": {
            "rust_edition": "2021"
          },
          "dependencies": [
            {
              "purl": "pkg:cargo/base64",
              "extracted_requirement": "0.13",
              "scope": "dependencies",
              "is_runtime": true,
              "is_optional": false,
              "is_resolved": false,
              "is_direct": true,
              "resolved_package": {},
              "extra_data": {}
            },
            {
              "purl": "pkg:cargo/bcder",
              "extracted_requirement": "0.6",
              "scope": "dependencies",
              "is_runtime": true,
              "is_optional": false,
              "is_resolved": false,
              "is_direct": true,
              "resolved_package": {},
              "extra_data": {}
            },
            {
              "purl": "pkg:cargo/bzip2",
              "extracted_requirement": "0.4",
              "scope": "dependencies",
              "is_runtime": true,
              "is_optional": false,
              "is_resolved": false,
              "is_direct": true,
              "resolved_package": {},
              "extra_data": {}
            },
            {
              "purl": "pkg:cargo/chrono",
              "extracted_requirement": "0.4",
              "scope": "dependencies",
              "is_runtime": true,
              "is_optional": false,
              "is_resolved": false,
              "is_direct": true,
              "resolved_package": {},
              "extra_data": {
                "version": "0.4",
                "features": [
                  "serde"
                ]
              }
            },
            {
              "purl": "pkg:cargo/digest",
              "extracted_requirement": "0.10",
              "scope": "dependencies",
              "is_runtime": true,
              "is_optional": false,
              "is_resolved": false,
              "is_direct": true,
              "resolved_package": {},
              "extra_data": {}
            },
            {
              "purl": "pkg:cargo/log",
              "extracted_requirement": "0.4",
              "scope": "dependencies",
              "is_runtime": true,
              "is_optional": false,
              "is_resolved": false,
              "is_direct": true,
              "resolved_package": {},
              "extra_data": {}
            },
            {
              "purl": "pkg:cargo/md-5",
              "extracted_requirement": "0.10",
              "scope": "dependencies",
              "is_runtime": true,
              "is_optional": false,
              "is_resolved": false,
              "is_direct": true,
              "resolved_package": {},
              "extra_data": {}
            },
            {
              "purl": "pkg:cargo/flate2",
              "extracted_requirement": "1.0",
              "scope": "dependencies",
              "is_runtime": true,
              "is_optional": false,
              "is_resolved": false,
              "is_direct": true,
              "resolved_package": {},
              "extra_data": {}
            },
            {
              "purl": "pkg:cargo/rand",
              "extracted_requirement": "0.8",
              "scope": "dependencies",
              "is_runtime": true,
              "is_optional": false,
              "is_resolved": false,
              "is_direct": true,
              "resolved_package": {},
              "extra_data": {}
            },
            {
              "purl": "pkg:cargo/reqwest",
              "extracted_requirement": "0.11",
              "scope": "dependencies",
              "is_runtime": true,
              "is_optional": false,
              "is_resolved": false,
              "is_direct": true,
              "resolved_package": {},
              "extra_data": {
                "version": "0.11",
                "default-features": false
              }
            },
            {
              "purl": "pkg:cargo/scroll",
              "extracted_requirement": "0.11",
              "scope": "dependencies",
              "is_runtime": true,
              "is_optional": false,
              "is_resolved": false,
              "is_direct": true,
              "resolved_package": {},
              "extra_data": {
                "version": "0.11",
                "features": [
                  "derive"
                ]
              }
            },
            {
              "purl": "pkg:cargo/serde-xml-rs",
              "extracted_requirement": "0.5",
              "scope": "dependencies",
              "is_runtime": true,
              "is_optional": false,
              "is_resolved": false,
              "is_direct": true,
              "resolved_package": {},
              "extra_data": {}
            },
            {
              "purl": "pkg:cargo/serde",
              "extracted_requirement": "1.0",
              "scope": "dependencies",
              "is_runtime": true,
              "is_optional": false,
              "is_resolved": false,
              "is_direct": true,
              "resolved_package": {},
              "extra_data": {
                "version": "1.0",
                "features": [
                  "derive"
                ]
              }
            },
            {
              "purl": "pkg:cargo/sha1",
              "extracted_requirement": "0.10",
              "scope": "dependencies",
              "is_runtime": true,
              "is_optional": false,
              "is_resolved": false,
              "is_direct": true,
              "resolved_package": {},
              "extra_data": {}
            },
            {
              "purl": "pkg:cargo/sha2",
              "extracted_requirement": "0.10",
              "scope": "dependencies",
              "is_runtime": true,
              "is_optional": false,
              "is_resolved": false,
              "is_direct": true,
              "resolved_package": {},
              "extra_data": {}
            },
            {
              "purl": "pkg:cargo/thiserror",
              "extracted_requirement": "1.0",
              "scope": "dependencies",
              "is_runtime": true,
              "is_optional": false,
              "is_resolved": false,
              "is_direct": true,
              "resolved_package": {},
              "extra_data": {}
            },
            {
              "purl": "pkg:cargo/url",
              "extracted_requirement": "2.2",
              "scope": "dependencies",
              "is_runtime": true,
              "is_optional": false,
              "is_resolved": false,
              "is_direct": true,
              "resolved_package": {},
              "extra_data": {}
            },
            {
              "purl": "pkg:cargo/xml-rs",
              "extracted_requirement": "0.8",
              "scope": "dependencies",
              "is_runtime": true,
              "is_optional": false,
              "is_resolved": false,
              "is_direct": true,
              "resolved_package": {},
              "extra_data": {}
            },
            {
              "purl": "pkg:cargo/xz2",
              "extracted_requirement": "0.1",
              "scope": "dependencies",
              "is_runtime": true,
              "is_optional": false,
              "is_resolved": false,
              "is_direct": true,
              "resolved_package": {},
              "extra_data": {}
            },
            {
              "purl": "pkg:cargo/cryptographic-message-syntax",
              "extracted_requirement": "0.15.0-pre",
              "scope": "dependencies",
              "is_runtime": true,
              "is_optional": false,
              "is_resolved": false,
              "is_direct": true,
              "resolved_package": {},
              "extra_data": {
                "path": "../cryptographic-message-syntax",
                "version": "0.15.0-pre"
              }
            },
            {
              "purl": "pkg:cargo/x509-certificate",
              "extracted_requirement": "0.13.0-pre",
              "scope": "dependencies",
              "is_runtime": true,
              "is_optional": false,
              "is_resolved": false,
              "is_direct": true,
              "resolved_package": {},
              "extra_data": {
                "path": "../x509-certificate",
                "version": "0.13.0-pre"
              }
            }
          ],
          "repository_homepage_url": "https://crates.io/crates/apple-xar",
          "repository_download_url": "https://crates.io/api/v1/crates/apple-xar/0.4.0-pre/download",
          "api_data_url": "https://crates.io/api/v1/crates/apple-xar",
          "datasource_id": "cargo_toml",
          "purl": "pkg:cargo/apple-xar@0.4.0-pre"
        }
      ],
      "for_packages": [],
      "scan_errors": []
    },
    {
      "path": "scan/dac",
      "type": "directory",
      "package_data": [],
      "for_packages": [],
      "scan_errors": []
    },
    {
      "path": "scan/dac/Cargo.toml",
      "type": "file",
      "package_data": [
        {
          "type": "cargo",
          "namespace": null,
          "name": "daachorse",
          "version": "0.4.1",
          "qualifiers": {},
          "subpath": null,
          "primary_language": "Rust",
          "description": "Daachorse: Double-Array Aho-Corasick",
          "release_date": null,
          "parties": [
            {
              "type": "person",
              "role": "author",
              "name": "Koichi Akabe",
              "email": "vbkaisetsu@gmail.com",
              "url": null
            },
            {
              "type": "person",
              "role": "author",
              "name": "Shunsuke Kanda",
              "email": "shnsk.knd@gmail.com",
              "url": null
            }
          ],
          "keywords": [
            "search",
            "text",
            "aho",
            "multi",
            "double-array",
            "text-processing",
            "algorithms",
            "data-structures",
            "no-std"
          ],
          "homepage_url": "https://github.com/daac-tools/daachorse",
          "download_url": null,
          "size": null,
          "sha1": null,
          "md5": null,
          "sha256": null,
          "sha512": null,
          "bug_tracking_url": null,
          "code_view_url": null,
          "vcs_url": "https://github.com/daac-tools/daachorse",
          "copyright": null,
          "holder": null,
          "declared_license_expression": null,
          "declared_license_expression_spdx": null,
          "license_detections": [],
          "other_license_expression": null,
          "other_license_expression_spdx": null,
          "other_license_detections": [],
          "extracted_license_statement": "MIT OR Apache-2.0",
          "notice_text": null,
          "source_packages": [],
          "file_references": [],
          "is_private": false,
          "is_virtual": false,
          "extra_data": {
            "workspace": {
              "members": [
                "bench",
                "daacfind"
              ]
            },
            "rust_edition": "2021"
          },
          "dependencies": [],
          "repository_homepage_url": "https://crates.io/crates/daachorse",
          "repository_download_url": "https://crates.io/api/v1/crates/daachorse/0.4.1/download",
          "api_data_url": "https://crates.io/api/v1/crates/daachorse",
          "datasource_id": "cargo_toml",
          "purl": "pkg:cargo/daachorse@0.4.1"
        }
      ],
      "for_packages": [],
      "scan_errors": []
    }
  ]
}