{
  "import_path": "github.com/cloudfoundry-incubator/etcd-metrics-server",
  "go_version": "go1.2.1",
  "packages": [
    "./..."
  ],
  "dependencies": [
    {
      "import_path": "github.com/cloudfoundry-incubator/metricz",
      "revision": "d9bdb1b78384f05faa694175782055d5ba3966b5",
      "comment": null
    },
    {
      "import_path": "github.com/cloudfoundry/gosteno",
      "revision": "5eb8c6e554f0dfc39d6468813b8ac19ec28fe74f",
      "comment": "scotty_09012012-40-g5eb8c6e"
    },
    {
      "import_path": "github.com/cloudfoundry/gunk/natsrunner",
      "revision": "8c166e2e973df123b29351b396bb8d356192bd81",
      "comment": null
    },
    {
      "import_path": "github.com/cloudfoundry/gunk/runner_support",
      "revision": "8c166e2e973df123b29351b396bb8d356192bd81",
      "comment": null
    },
    {
      "import_path": "github.com/cloudfoundry/gunk/test_server",
      "revision": "8c166e2e973df123b29351b396bb8d356192bd81",
      "comment": null
    },
    {
      "import_path": "github.com/cloudfoundry/gunk/urljoiner",
      "revision": "8c166e2e973df123b29351b396bb8d356192bd81",
      "comment": null
    },
    {
      "import_path": "github.com/cloudfoundry/loggregatorlib/cfcomponent/localip",
      "revision": "90e9aee1f6ae4ba750c6656c3fb529bf217b4908",
      "comment": null
    },
    {
      "import_path": "github.com/cloudfoundry/storeadapter",
      "revision": "75297e7f1b7c70951bb78c8122bc266288870829",
      "comment": null
    },
    {
      "import_path": "github.com/cloudfoundry/yagnats",
      "revision": "8bf15e48f3abf6db1765ff908ee678a6f347ce0a",
      "comment": null
    },
    {
      "import_path": "github.com/coreos/go-etcd/etcd",
      "revision": "1e26d8ee84cf9b1000d2af8acfb45b2521f49be5",
      "comment": "v0.2.0-rc1-96-g1e26d8e"
    },
    {
      "import_path": "github.com/nu7hatch/gouuid",
      "revision": "179d4d0c4d8d407a32af483c2354df1d2c91e6c3",
      "comment": null
    },
    {
      "import_path": "github.com/onsi/ginkgo",
      "revision": "462cb7e31b222093d2fd2f4f0cbbce324f6ab3be",
      "comment": null
    },
    {
      "import_path": "github.com/onsi/gomega",
      "revision": "426c03a406ae6e4ffb9b65528d62439831d7c901",
      "comment": null
    },
    {
      "import_path": "github.com/vito/cmdtest",
      "revision": "215c451d78ba1382cbccb2736c280c60a11b4b86",
      "comment": null
    }
  ]
}